Product: MDK-ARM Professional 5.10
Component: ARM Compiler 5.04 update 1 (build 49)
Tool: armlink [5040049]

==============================================================================

Section Cross References

    startup_stm32f4xx.o(RESET) refers to startup_stm32f4xx.o(STACK) for __initial_sp
    startup_stm32f4xx.o(RESET) refers to startup_stm32f4xx.o(.text) for Reset_Handler
    startup_stm32f4xx.o(RESET) refers to stm32f4xx_it.o(i.NMI_Handler) for NMI_Handler
    startup_stm32f4xx.o(RESET) refers to stm32f4xx_it.o(i.HardFault_Handler) for HardFault_Handler
    startup_stm32f4xx.o(RESET) refers to stm32f4xx_it.o(i.MemManage_Handler) for MemManage_Handler
    startup_stm32f4xx.o(RESET) refers to stm32f4xx_it.o(i.BusFault_Handler) for BusFault_Handler
    startup_stm32f4xx.o(RESET) refers to stm32f4xx_it.o(i.UsageFault_Handler) for UsageFault_Handler
    startup_stm32f4xx.o(RESET) refers to stm32f4xx_it.o(i.SVC_Handler) for SVC_Handler
    startup_stm32f4xx.o(RESET) refers to stm32f4xx_it.o(i.DebugMon_Handler) for DebugMon_Handler
    startup_stm32f4xx.o(RESET) refers to os_cpu_a.o(.text) for PendSV_Handler
    startup_stm32f4xx.o(RESET) refers to delay.o(i.SysTick_Handler) for SysTick_Handler
    startup_stm32f4xx.o(RESET) refers to stm32f4xx_it.o(i.TIM3_IRQHandler) for TIM3_IRQHandler
    startup_stm32f4xx.o(.text) refers to system_stm32f4xx.o(i.SystemInit) for SystemInit
    startup_stm32f4xx.o(.text) refers to entry.o(.ARM.Collect$$$$00000000) for __main
    system_stm32f4xx.o(i.SystemCoreClockUpdate) refers to system_stm32f4xx.o(.data) for SystemCoreClock
    main.o(i.GET_Attitude_TASK) refers to imu.o(i.get_gy86_data) for get_gy86_data
    main.o(i.GET_Attitude_TASK) refers to imu.o(i.Get_Attitude) for Get_Attitude
    main.o(i.GET_Attitude_TASK) refers to main.o(i.usart1_report_imu) for usart1_report_imu
    main.o(i.GET_Attitude_TASK) refers to os_time.o(i.OSTimeDly) for OSTimeDly
    main.o(i.GET_Attitude_TASK) refers to imu.o(.data) for Yaw
    main.o(i.GPIO_Iint) refers to stm32f4xx_rcc.o(i.RCC_AHB1PeriphClockCmd) for RCC_AHB1PeriphClockCmd
    main.o(i.GPIO_Iint) refers to stm32f4xx_gpio.o(i.GPIO_Init) for GPIO_Init
    main.o(i.PWM_OUTPUT_TASK) refers to pidcontral.o(i.Change_PWMTOExcept) for Change_PWMTOExcept
    main.o(i.PWM_OUTPUT_TASK) refers to pidcontral.o(i.MOTOR_CAL) for MOTOR_CAL
    main.o(i.PWM_OUTPUT_TASK) refers to pidcontral.o(i.TIM1_PWMOUTPUT) for TIM1_PWMOUTPUT
    main.o(i.PWM_OUTPUT_TASK) refers to os_time.o(i.OSTimeDly) for OSTimeDly
    main.o(i.PWM_OUTPUT_TASK) refers to stm32f4xx_it.o(.data) for PWMInCh4
    main.o(i.PWM_OUTPUT_TASK) refers to pidcontral.o(.data) for MOTOR4
    main.o(i.Start_Task) refers to os_cpu_a.o(.text) for OS_CPU_SR_Save
    main.o(i.Start_Task) refers to os_task.o(i.OSTaskCreate) for OSTaskCreate
    main.o(i.Start_Task) refers to os_task.o(i.OSTaskSuspend) for OSTaskSuspend
    main.o(i.Start_Task) refers to main.o(.bss) for ATTITUDE_TASK_STK
    main.o(i.Start_Task) refers to main.o(i.GET_Attitude_TASK) for GET_Attitude_TASK
    main.o(i.Start_Task) refers to main.o(i.PWM_OUTPUT_TASK) for PWM_OUTPUT_TASK
    main.o(i.main) refers to main.o(i.SystemClcok) for SystemClcok
    main.o(i.main) refers to delay.o(i.delay_init) for delay_init
    main.o(i.main) refers to system_stm32f4xx.o(i.SystemCoreClockUpdate) for SystemCoreClockUpdate
    main.o(i.main) refers to misc.o(i.NVIC_PriorityGroupConfig) for NVIC_PriorityGroupConfig
    main.o(i.main) refers to serial.o(i.SER_Initialize) for SER_Initialize
    main.o(i.main) refers to delay.o(i.delay_ms) for delay_ms
    main.o(i.main) refers to tim.o(i.Tim_Init) for Tim_Init
    main.o(i.main) refers to tim.o(i.TIM2_Ini) for TIM2_Ini
    main.o(i.main) refers to tim.o(i.TIM5_Ini) for TIM5_Ini
    main.o(i.main) refers to ppm.o(i.Cap_Config) for Cap_Config
    main.o(i.main) refers to main.o(i.GPIO_Iint) for GPIO_Iint
    main.o(i.main) refers to mpu6050.o(i.MPU_Init) for MPU_Init
    main.o(i.main) refers to imu.o(i.get_gyro_bias) for get_gyro_bias
    main.o(i.main) refers to imu.o(i.get_compass_bias) for get_compass_bias
    main.o(i.main) refers to imu.o(i.compass_calibration) for compass_calibration
    main.o(i.main) refers to imu.o(i.init_quaternion) for init_quaternion
    main.o(i.main) refers to pidcontral.o(i.PID_Ini) for PID_Ini
    main.o(i.main) refers to os_core.o(i.OSInit) for OSInit
    main.o(i.main) refers to os_task.o(i.OSTaskCreate) for OSTaskCreate
    main.o(i.main) refers to os_core.o(i.OSStart) for OSStart
    main.o(i.main) refers to pidcontral.o(.bss) for PID_Pitch_Struct
    main.o(i.main) refers to main.o(.bss) for START_TASK_STK
    main.o(i.main) refers to main.o(i.Start_Task) for Start_Task
    main.o(i.mpu6050_send_data) refers to main.o(i.usart1_niming_report) for usart1_niming_report
    main.o(i.usart1_niming_report) refers to main.o(i.usart1_send_char) for usart1_send_char
[...]
    i.OS_InitRdyList                         0x080028bc   Section        0  os_core.o(i.OS_InitRdyList)
    OS_InitRdyList                           0x080028bd   Thumb Code    44  os_core.o(i.OS_InitRdyList)
    i.OS_InitTCBList                         0x08002900   Section        0  os_core.o(i.OS_InitTCBList)
    OS_InitTCBList                           0x08002901   Thumb Code    92  os_core.o(i.OS_InitTCBList)
    i.OS_InitTaskIdle                        0x08002970   Section        0  os_core.o(i.OS_InitTaskIdle)
    OS_InitTaskIdle                          0x08002971   Thumb Code    50  os_core.o(i.OS_InitTaskIdle)
    i.OS_InitTaskStat                        0x080029c0   Section        0  os_core.o(i.OS_InitTaskStat)
    OS_InitTaskStat                          0x080029c1   Thumb Code    50  os_core.o(i.OS_InitTaskStat)
    i.OS_MemClr                              0x08002a10   Section        0  os_core.o(i.OS_MemClr)
    i.OS_Sched                               0x08002a24   Section        0  os_core.o(i.OS_Sched)
    i.OS_SchedNew                            0x08002a98   Section        0  os_core.o(i.OS_SchedNew)
    OS_SchedNew                              0x08002a99   Thumb Code    26  os_core.o(i.OS_SchedNew)
    i.OS_TCBInit                             0x08002ac4   Section        0  os_core.o(i.OS_TCBInit)
    i.OS_TaskIdle                            0x08002bec   Section        0  os_core.o(i.OS_TaskIdle)
    i.OS_TaskStat                            0x08002c14   Section        0  os_core.o(i.OS_TaskStat)
    i.OS_TaskStatStkChk                      0x08002c9c   Section        0  os_core.o(i.OS_TaskStatStkChk)
    i.OS_TaskStkClr                          0x08002cd8   Section        0  os_task.o(i.OS_TaskStkClr)
    i.PID_Cal                                0x08002cf4   Section        0  pidcontral.o(i.PID_Cal)
    i.PID_Ini                                0x08002dd0   Section        0  pidcontral.o(i.PID_Ini)
    i.PWM_OUTPUT_TASK                        0x08002e50   Section        0  main.o(i.PWM_OUTPUT_TASK)
    i.RCC_AHB1PeriphClockCmd                 0x08002ea8   Section        0  stm32f4xx_rcc.o(i.RCC_AHB1PeriphClockCmd)
    i.RCC_APB1PeriphClockCmd                 0x08002ec8   Section        0  stm32f4xx_rcc.o(i.RCC_APB1PeriphClockCmd)
    i.RCC_APB1PeriphResetCmd                 0x08002ee8   Section        0  stm32f4xx_rcc.o(i.RCC_APB1PeriphResetCmd)
    i.RCC_APB2PeriphClockCmd                 0x08002f08   Section        0  stm32f4xx_rcc.o(i.RCC_APB2PeriphClockCmd)
    i.RCC_APB2PeriphResetCmd                 0x08002f28   Section        0  stm32f4xx_rcc.o(i.RCC_APB2PeriphResetCmd)
    i.RCC_ClearITPendingBit                  0x08002f48   Section        0  stm32f4xx_rcc.o(i.RCC_ClearITPendingBit)
    i.RCC_GetITStatus                        0x08002f54   Section        0  stm32f4xx_rcc.o(i.RCC_GetITStatus)
    i.RCC_HSEConfig                          0x08002f6c   Section        0  stm32f4xx_rcc.o(i.RCC_HSEConfig)
    i.RCC_ITConfig                           0x08002f7c   Section        0  stm32f4xx_rcc.o(i.RCC_ITConfig)
    i.SER_Initialize                         0x08002f9c   Section        0  serial.o(i.SER_Initialize)
    i.SER_PutChar                            0x0800300c   Section        0  serial.o(i.SER_PutChar)
    i.SVC_Handler                            0x08003028   Section        0  stm32f4xx_it.o(i.SVC_Handler)
    i.Start_Task                             0x0800302c   Section        0  main.o(i.Start_Task)
    i.SysTick_CLKSourceConfig                0x08003070   Section        0  misc.o(i.SysTick_CLKSourceConfig)
    i.SysTick_Handler                        0x08003098   Section        0  delay.o(i.SysTick_Handler)
    i.SystemClcok                            0x080030a8   Section        0  main.o(i.SystemClcok)
    i.SystemCoreClockUpdate                  0x08003184   Section        0  system_stm32f4xx.o(i.SystemCoreClockUpdate)
    i.SystemInit                             0x08003244   Section        0  system_stm32f4xx.o(i.SystemInit)
    i.TI1_Config                             0x08003330   Section        0  stm32f4xx_tim.o(i.TI1_Config)
    TI1_Config                               0x08003331   Thumb Code    58  stm32f4xx_tim.o(i.TI1_Config)
    i.TI2_Config                             0x0800336a   Section        0  stm32f4xx_tim.o(i.TI2_Config)
    TI2_Config                               0x0800336b   Thumb Code    80  stm32f4xx_tim.o(i.TI2_Config)
    i.TI3_Config                             0x080033ba   Section        0  stm32f4xx_tim.o(i.TI3_Config)
    TI3_Config                               0x080033bb   Thumb Code    72  stm32f4xx_tim.o(i.TI3_Config)
    i.TI4_Config                             0x08003402   Section        0  stm32f4xx_tim.o(i.TI4_Config)
    TI4_Config                               0x08003403   Thumb Code    80  stm32f4xx_tim.o(i.TI4_Config)
    i.TIM1_PWMOUTPUT                         0x08003454   Section        0  pidcontral.o(i.TIM1_PWMOUTPUT)
    i.TIM2_Ini                               0x08003488   Section        0  tim.o(i.TIM2_Ini)
    i.TIM3_IRQHandler                        0x080034bc   Section        0  stm32f4xx_it.o(i.TIM3_IRQHandler)
    i.TIM5_Ini                               0x080036fc   Section        0  tim.o(i.TIM5_Ini)
    i.TIM_ARRPreloadConfig                   0x08003734   Section        0  stm32f4xx_tim.o(i.TIM_ARRPreloadConfig)
    i.TIM_ClearITPendingBit                  0x0800374c   Section        0  stm32f4xx_tim.o(i.TIM_ClearITPendingBit)
    i.TIM_Cmd                                0x08003752   Section        0  stm32f4xx_tim.o(i.TIM_Cmd)
    i.TIM_CtrlPWMOutputs                     0x0800376a   Section        0  stm32f4xx_tim.o(i.TIM_CtrlPWMOutputs)
    i.TIM_DeInit                             0x08003788   Section        0  stm32f4xx_tim.o(i.TIM_DeInit)
    i.TIM_GetCapture1                        0x08003918   Section        0  stm32f4xx_tim.o(i.TIM_GetCapture1)
    i.TIM_GetCapture2                        0x0800391e   Section        0  stm32f4xx_tim.o(i.TIM_GetCapture2)
    i.TIM_GetCapture3                        0x08003924   Section        0  stm32f4xx_tim.o(i.TIM_GetCapture3)
    i.TIM_GetCapture4                        0x0800392a   Section        0  stm32f4xx_tim.o(i.TIM_GetCapture4)
    i.TIM_GetITStatus                        0x08003930   Section        0  stm32f4xx_tim.o(i.TIM_GetITStatus)
    i.TIM_ICInit                             0x08003952   Section        0  stm32f4xx_tim.o(i.TIM_ICInit)
    i.TIM_ITConfig                           0x080039c0   Section        0  stm32f4xx_tim.o(i.TIM_ITConfig)
    i.TIM_OC1Init                            0x080039d4   Section        0  stm32f4xx_tim.o(i.TIM_OC1Init)
    i.TIM_OC1PolarityConfig                  0x08003a50   Section        0  stm32f4xx_tim.o(i.TIM_OC1PolarityConfig)
    i.TIM_OC1PreloadConfig                   0x08003a62   Section        0  stm32f4xx_tim.o(i.TIM_OC1PreloadConfig)
    i.TIM_OC2Init                            0x08003a74   Section        0  stm32f4xx_tim.o(i.TIM_OC2Init)
    i.TIM_OC2PolarityConfig                  0x08003b18   Section        0  stm32f4xx_tim.o(i.TIM_OC2PolarityConfig)
    i.TIM_OC2PreloadConfig                   0x08003b32   Section        0  stm32f4xx_tim.o(i.TIM_OC2PreloadConfig)
    i.TIM_OC3Init                            0x08003b4c   Section        0  stm32f4xx_tim.o(i.TIM_OC3Init)
    i.TIM_OC3PolarityConfig                  0x08003bec   Section        0  stm32f4xx_tim.o(i.TIM_OC3PolarityConfig)
    i.TIM_OC3PreloadConfig                   0x08003c06   Section        0  stm32f4xx_tim.o(i.TIM_OC3PreloadConfig)
    i.TIM_OC4Init                            0x08003c18   Section        0  stm32f4xx_tim.o(i.TIM_OC4Init)
    i.TIM_OC4PolarityConfig                  0x08003c90   Section        0  stm32f4xx_tim.o(i.TIM_OC4PolarityConfig)
    i.TIM_OC4PreloadConfig                   0x08003caa   Section        0  stm32f4xx_tim.o(i.TIM_OC4PreloadConfig)
    i.TIM_SetCompare1                        0x08003cc4   Section        0  stm32f4xx_tim.o(i.TIM_SetCompare1)
    i.TIM_SetCompare2                        0x08003cc8   Section        0  stm32f4xx_tim.o(i.TIM_SetCompare2)
    i.TIM_SetCompare3                        0x08003ccc   Section        0  stm32f4xx_tim.o(i.TIM_SetCompare3)
    i.TIM_SetCompare4                        0x08003cd0   Section        0  stm32f4xx_tim.o(i.TIM_SetCompare4)
    i.TIM_SetIC1Prescaler                    0x08003cd4   Section        0  stm32f4xx_tim.o(i.TIM_SetIC1Prescaler)
    i.TIM_SetIC2Prescaler                    0x08003ce6   Section        0  stm32f4xx_tim.o(i.TIM_SetIC2Prescaler)
    i.TIM_SetIC3Prescaler                    0x08003d00   Section        0  stm32f4xx_tim.o(i.TIM_SetIC3Prescaler)
    i.TIM_SetIC4Prescaler                    0x08003d12   Section        0  stm32f4xx_tim.o(i.TIM_SetIC4Prescaler)
    i.TIM_TimeBaseInit                       0x08003d2c   Section        0  stm32f4xx_tim.o(i.TIM_TimeBaseInit)
    i.Tim_Init                               0x08003db0   Section        0  tim.o(i.Tim_Init)
    i.USART_GetFlagStatus                    0x08003eb8   Section        0  stm32f4xx_usart.o(i.USART_GetFlagStatus)
    i.USART_SendData                         0x08003ed2   Section        0  stm32f4xx_usart.o(i.USART_SendData)
    i.UsageFault_Handler                     0x08003eda   Section        0  stm32f4xx_it.o(i.UsageFault_Handler)
    i.Wait_ACK_Come                          0x08003ee0   Section        0  iic.o(i.Wait_ACK_Come)
    i.__0printf                              0x08003f40   Section        0  printfa.o(i.__0printf)
    i.__ARM_fpclassify                       0x08003f60   Section        0  fpclassify.o(i.__ARM_fpclassify)
    i.__hardfp_asin                          0x08003f90   Section        0  asin.o(i.__hardfp_asin)
    i.__hardfp_atan                          0x08004300   Section        0  atan.o(i.__hardfp_atan)
    i.__hardfp_atan2                         0x080045e0   Section        0  atan2.o(i.__hardfp_atan2)
    i.__hardfp_cos                           0x080047d0   Section        0  cos.o(i.__hardfp_cos)
    i.__hardfp_sin                           0x080048a8   Section        0  sin.o(i.__hardfp_sin)
    i.__hardfp_sqrtf                         0x08004980   Section        0  sqrtf.o(i.__hardfp_sqrtf)
    i.__ieee754_rem_pio2                     0x080049c0   Section        0  rred.o(i.__ieee754_rem_pio2)
    i.__kernel_cos                           0x08004df8   Section        0  cos_i.o(i.__kernel_cos)
    i.__kernel_poly                          0x08004f68   Section        0  poly.o(i.__kernel_poly)
    i.__kernel_sin                           0x08005060   Section        0  sin_i.o(i.__kernel_sin)
    i.__mathlib_dbl_underflow                0x08005190   Section        0  dunder.o(i.__mathlib_dbl_underflow)
    i.__scatterload_copy                     0x080051b0   Section       14  handlers.o(i.__scatterload_copy)
    i.__scatterload_null                     0x080051be   Section        2  handlers.o(i.__scatterload_null)
    i.__scatterload_zeroinit                 0x080051c0   Section       14  handlers.o(i.__scatterload_zeroinit)
    i.__set_errno                            0x080051d0   Section        0  errno.o(i.__set_errno)
    i._fp_digits                             0x080051dc   Section        0  printfa.o(i._fp_digits)
    _fp_digits                               0x080051dd   Thumb Code   334  printfa.o(i._fp_digits)
    i._printf_core                           0x08005340   Section        0  printfa.o(i._printf_core)
    _printf_core                             0x08005341   Thumb Code  1744  printfa.o(i._printf_core)
    i._printf_post_padding                   0x08005a1c   Section        0  printfa.o(i._printf_post_padding)
    _printf_post_padding                     0x08005a1d   Thumb Code    36  printfa.o(i._printf_post_padding)
    i._printf_pre_padding                    0x08005a40   Section        0  printfa.o(i._printf_pre_padding)
    _printf_pre_padding                      0x08005a41   Thumb Code    46  printfa.o(i._printf_pre_padding)
    i.atan                                   0x08005a6e   Section        0  atan.o(i.atan)
    i.compass_calibration                    0x08005a80   Section        0  imu.o(i.compass_calibration)
    i.delay_init                             0x08005ff4   Section        0  delay.o(i.delay_init)
    i.delay_ms                               0x08006048   Section        0  delay.o(i.delay_ms)
    i.delay_us                               0x08006098   Section        0  delay.o(i.delay_us)
    i.fabs                                   0x080060f4   Section        0  fabs.o(i.fabs)
    i.fputc                                  0x0800610c   Section        0  retarget.o(i.fputc)
    i.get_compass_bias                       0x0800611c   Section        0  imu.o(i.get_compass_bias)
    i.get_gy86_data                          0x0800628c   Section        0  imu.o(i.get_gy86_data)
    i.get_gyro_bias                          0x08006434   Section        0  imu.o(i.get_gyro_bias)
    i.init_quaternion                        0x08006530   Section        0  imu.o(i.init_quaternion)
    i.invSqrt                                0x08007084   Section        0  imu.o(i.invSqrt)
    i.main                                   0x080070c0   Section        0  main.o(i.main)
    i.sqrt                                   0x0800716c   Section        0  sqrt.o(i.sqrt)
    i.usart1_niming_report                   0x080071da   Section        0  main.o(i.usart1_niming_report)
    i.usart1_report_imu                      0x08007250   Section        0  main.o(i.usart1_report_imu)
    i.usart1_send_char                       0x08007310   Section        0  main.o(i.usart1_send_char)
    .constdata                               0x08007330   Section      256  os_core.o(.constdata)
    .constdata                               0x08007430   Section       80  asin.o(.constdata)
    pS                                       0x08007430   Data          48  asin.o(.constdata)
    qS                                       0x08007460   Data          32  asin.o(.constdata)
    .constdata                               0x08007480   Section      152  atan.o(.constdata)
    atanhi                                   0x08007480   Data          32  atan.o(.constdata)
    atanlo                                   0x080074a0   Data          32  atan.o(.constdata)
    aTodd                                    0x080074c0   Data          40  atan.o(.constdata)
    aTeven                                   0x080074e8   Data          48  atan.o(.constdata)
    .constdata                               0x08007518   Section       48  cos_i.o(.constdata)
    C                                        0x08007518   Data          48  cos_i.o(.constdata)
    .constdata                               0x08007548   Section        8  qnan.o(.constdata)
    .constdata                               0x08007550   Section      200  rred.o(.constdata)
    pio2s                                    0x08007550   Data          48  rred.o(.constdata)
    twooverpi                                0x08007580   Data         152  rred.o(.constdata)
    .constdata                               0x08007618   Section       40  sin_i.o(.constdata)
    S                                        0x08007618   Data          40  sin_i.o(.constdata)
    .conststring                             0x08007640   Section      258  imu.o(.conststring)
    .data                                    0x20000000   Section       20  system_stm32f4xx.o(.data)
    .data                                    0x20000014   Section       30  stm32f4xx_it.o(.data)
    .data                                    0x20000034   Section       56  os_core.o(.data)
    .data                                    0x2000006c   Section        4  delay.o(.data)
    fac_us                                   0x2000006c   Data           1  delay.o(.data)
    fac_ms                                   0x2000006e   Data           2  delay.o(.data)
    .data                                    0x20000070   Section      160  imu.o(.data)
    count                                    0x2000010c   Data           2  imu.o(.data)
    count                                    0x2000010e   Data           2  imu.o(.data)
    .data                                    0x20000110   Section       40  pidcontral.o(.data)
    .data                                    0x20000138   Section        8  retarget.o(.data)
    .data                                    0x20000140   Section        8  tim.o(.data)
    now_PID                                  0x20000140   Data           4  tim.o(.data)
    now_PID                                  0x20000144   Data           4  tim.o(.data)
    .data                                    0x20000148   Section        4  errno.o(.data)
    _errno                                   0x20000148   Data           4  errno.o(.data)
    .bss                                     0x2000014c   Section     6144  main.o(.bss)
    .bss                                     0x2000194c   Section     1904  os_core.o(.bss)
    .bss                                     0x200020bc   Section      208  pidcontral.o(.bss)
    STACK                                    0x20002190   Section     1024  startup_stm32f4xx.o(STACK)

    Global Symbols

    Symbol Name                              Value     Ov Type        Size  Object(Section)

    BuildAttributes$$THM_ISAv4$E$P$D$K$B$S$7EM$VFPi3$EXTD16$VFPS$VFMA$PE$A:L22UL41UL21$X:L11$S22US41US21$IEEE1$IW$USESV6$~STKCKD$USESV7$~SHL$OTIME$ROPI$IEEEX$EBA8$MICROLIB$REQ8$PRES8$EABIv2 0x00000000   Number         0  anon$$obj.o ABSOLUTE
    __ARM_use_no_argv                        0x00000000   Number         0  main.o ABSOLUTE
    __use_no_errno                           0x00000000   Number         0  useno.o ABSOLUTE
    __use_no_exception_handling              0x00000000   Number         0  useno.o ABSOLUTE
    __use_no_fp                              0x00000000   Number         0  useno.o ABSOLUTE
    __use_no_heap                            0x00000000   Number         0  useno.o ABSOLUTE
    __use_no_heap_region                     0x00000000   Number         0  useno.o ABSOLUTE
    __use_no_semihosting                     0x00000000   Number         0  useno.o ABSOLUTE
    __use_no_semihosting_swi                 0x00000000   Number         0  useno.o ABSOLUTE
    __use_no_signal_handling                 0x00000000   Number         0  useno.o ABSOLUTE
    _printf_a                                0x00000000   Number         0  stubs.o ABSOLUTE
    _printf_c                                0x00000000   Number         0  stubs.o ABSOLUTE
    _printf_charcount                        0x00000000   Number         0  stubs.o ABSOLUTE
    _printf_d                                0x00000000   Number         0  stubs.o ABSOLUTE
    _printf_e                                0x00000000   Number         0  stubs.o ABSOLUTE
    _printf_f                                0x00000000   Number         0  stubs.o ABSOLUTE
    _printf_flags                            0x00000000   Number         0  stubs.o ABSOLUTE
    _printf_fp_dec                           0x00000000   Number         0  stubs.o ABSOLUTE
    _printf_fp_hex                           0x00000000   Number         0  stubs.o ABSOLUTE
    _printf_g                                0x00000000   Number         0  stubs.o ABSOLUTE
    _printf_i                                0x00000000   Number         0  stubs.o ABSOLUTE
    _printf_int_dec                          0x00000000   Number         0  stubs.o ABSOLUTE
    _printf_l                                0x00000000   Number         0  stubs.o ABSOLUTE
    _printf_lc                               0x00000000   Number         0  stubs.o ABSOLUTE
    _printf_ll                               0x00000000   Number         0  stubs.o ABSOLUTE
    _printf_lld                              0x00000000   Number         0  stubs.o ABSOLUTE
    _printf_lli                              0x00000000   Number         0  stubs.o ABSOLUTE
    _printf_llo                              0x00000000   Number         0  stubs.o ABSOLUTE
    _printf_llu                              0x00000000   Number         0  stubs.o ABSOLUTE
    _printf_llx                              0x00000000   Number         0  stubs.o ABSOLUTE
    _printf_longlong_dec                     0x00000000   Number         0  stubs.o ABSOLUTE
    _printf_longlong_hex                     0x00000000   Number         0  stubs.o ABSOLUTE
    _printf_longlong_oct                     0x00000000   Number         0  stubs.o ABSOLUTE
    _printf_ls                               0x00000000   Number         0  stubs.o ABSOLUTE
    _printf_mbtowc                           0x00000000   Number         0  stubs.o ABSOLUTE
    _printf_n                                0x00000000   Number         0  stubs.o ABSOLUTE
    _printf_o                                0x00000000   Number         0  stubs.o ABSOLUTE
    _printf_p                                0x00000000   Number         0  stubs.o ABSOLUTE
    _printf_percent                          0x00000000   Number         0  stubs.o ABSOLUTE
    _printf_pre_padding                      0x00000000   Number         0  stubs.o ABSOLUTE
    _printf_return_value                     0x00000000   Number         0  stubs.o ABSOLUTE
    _printf_s                                0x00000000   Number         0  stubs.o ABSOLUTE
    _printf_sizespec                         0x00000000   Number         0  stubs.o ABSOLUTE
    _printf_str                              0x00000000   Number         0  stubs.o ABSOLUTE
    _printf_truncate_signed                  0x00000000   Number         0  stubs.o ABSOLUTE
    _printf_truncate_unsigned                0x00000000   Number         0  stubs.o ABSOLUTE
    _printf_u                                0x00000000   Number         0  stubs.o ABSOLUTE
    _printf_wc                               0x00000000   Number         0  stubs.o ABSOLUTE
    _printf_wctomb                           0x00000000   Number         0  stubs.o ABSOLUTE
    _printf_widthprec                        0x00000000   Number         0  stubs.o ABSOLUTE
    _printf_x                                0x00000000   Number         0  stubs.o ABSOLUTE
    __cpp_initialize__aeabi_                  - Undefined Weak Reference
    __cxa_finalize                            - Undefined Weak Reference
    _clock_init                               - Undefined Weak Reference
    _microlib_exit                            - Undefined Weak Reference
    __Vectors_Size                           0x00000188   Number         0  startup_stm32f4xx.o ABSOLUTE
    __Vectors                                0x08000000   Data           4  startup_stm32f4xx.o(RESET)
    __Vectors_End                            0x08000188   Data           0  startup_stm32f4xx.o(RESET)
    __main                                   0x08000189   Thumb Code     0  entry.o(.ARM.Collect$$$$00000000)
    _main_stk                                0x08000189   Thumb Code     0  entry2.o(.ARM.Collect$$$$00000001)
    _main_scatterload                        0x0800018d   Thumb Code     0  entry5.o(.ARM.Collect$$$$00000004)
    __main_after_scatterload                 0x08000191   Thumb Code     0  entry5.o(.ARM.Collect$$$$00000004)
    _main_clock                              0x08000191   Thumb Code     0  entry7b.o(.ARM.Collect$$$$00000008)
    _main_cpp_init                           0x08000191   Thumb Code     0  entry8b.o(.ARM.Collect$$$$0000000A)
    _main_init                               0x08000191   Thumb Code     0  entry9a.o(.ARM.Collect$$$$0000000B)
    __rt_final_cpp                           0x08000199   Thumb Code     0  entry10a.o(.ARM.Collect$$$$0000000D)
    __rt_final_exit                          0x08000199   Thumb Code     0  entry11a.o(.ARM.Collect$$$$0000000F)
    Reset_Handler                            0x0800019d   Thumb Code     8  startup_stm32f4xx.o(.text)
    ADC_IRQHandler                           0x080001b7   Thumb Code     0  startup_stm32f4xx.o(.text)
    CAN1_RX0_IRQHandler                      0x080001b7   Thumb Code     0  startup_stm32f4xx.o(.text)
    CAN1_RX1_IRQHandler                      0x080001b7   Thumb Code     0  startup_stm32f4xx.o(.text)
    CAN1_SCE_IRQHandler                      0x080001b7   Thumb Code     0  startup_stm32f4xx.o(.text)
    CAN1_TX_IRQHandler                       0x080001b7   Thumb Code     0  startup_stm32f4xx.o(.text)
    CAN2_RX0_IRQHandler                      0x080001b7   Thumb Code     0  startup_stm32f4xx.o(.text)
    CAN2_RX1_IRQHandler                      0x080001b7   Thumb Code     0  startup_stm32f4xx.o(.text)
    CAN2_SCE_IRQHandler                      0x080001b7   Thumb Code     0  startup_stm32f4xx.o(.text)
    CAN2_TX_IRQHandler                       0x080001b7   Thumb Code     0  startup_stm32f4xx.o(.text)
    CRYP_IRQHandler                          0x080001b7   Thumb Code     0  startup_stm32f4xx.o(.text)
    DCMI_IRQHandler                          0x080001b7   Thumb Code     0  startup_stm32f4xx.o(.text)
    DMA1_Stream0_IRQHandler                  0x080001b7   Thumb Code     0  startup_stm32f4xx.o(.text)
    DMA1_Stream1_IRQHandler                  0x080001b7   Thumb Code     0  startup_stm32f4xx.o(.text)
    DMA1_Stream2_IRQHandler                  0x080001b7   Thumb Code     0  startup_stm32f4xx.o(.text)
    DMA1_Stream3_IRQHandler                  0x080001b7   Thumb Code     0  startup_stm32f4xx.o(.text)
    DMA1_Stream4_IRQHandler                  0x080001b7   Thumb Code     0  startup_stm32f4xx.o(.text)
    DMA1_Stream5_IRQHandler                  0x080001b7   Thumb Code     0  startup_stm32f4xx.o(.text)
    DMA1_Stream6_IRQHandler                  0x080001b7   Thumb Code     0  startup_stm32f4xx.o(.text)
    DMA1_Stream7_IRQHandler                  0x080001b7   Thumb Code     0  startup_stm32f4xx.o(.text)
    DMA2_Stream0_IRQHandler                  0x080001b7   Thumb Code     0  startup_stm32f4xx.o(.text)
    DMA2_Stream1_IRQHandler                  0x080001b7   Thumb Code     0  startup_stm32f4xx.o(.text)
    DMA2_Stream2_IRQHandler                  0x080001b7   Thumb Code     0  startup_stm32f4xx.o(.text)
    DMA2_Stream3_IRQHandler                  0x080001b7   Thumb Code     0  startup_stm32f4xx.o(.text)
    DMA2_Stream4_IRQHandler                  0x080001b7   Thumb Code     0  startup_stm32f4xx.o(.text)
    DMA2_Stream5_IRQHandler                  0x080001b7   Thumb Code     0  startup_stm32f4xx.o(.text)
    DMA2_Stream6_IRQHandler                  0x080001b7   Thumb Code     0  startup_stm32f4xx.o(.text)
    DMA2_Stream7_IRQHandler                  0x080001b7   Thumb Code     0  startup_stm32f4xx.o(.text)
    ETH_IRQHandler                           0x080001b7   Thumb Code     0  startup_stm32f4xx.o(.text)
    ETH_WKUP_IRQHandler                      0x080001b7   Thumb Code     0  startup_stm32f4xx.o(.text)
    EXTI0_IRQHandler                         0x080001b7   Thumb Code     0  startup_stm32f4xx.o(.text)
    EXTI15_10_IRQHandler                     0x080001b7   Thumb Code     0  startup_stm32f4xx.o(.text)
    EXTI1_IRQHandler                         0x080001b7   Thumb Code     0  startup_stm32f4xx.o(.text)
    EXTI2_IRQHandler                         0x080001b7   Thumb Code     0  startup_stm32f4xx.o(.text)
    EXTI3_IRQHandler                         0x080001b7   Thumb Code     0  startup_stm32f4xx.o(.text)
    EXTI4_IRQHandler                         0x080001b7   Thumb Code     0  startup_stm32f4xx.o(.text)
    EXTI9_5_IRQHandler                       0x080001b7   Thumb Code     0  startup_stm32f4xx.o(.text)
    FLASH_IRQHandler                         0x080001b7   Thumb Code     0  startup_stm32f4xx.o(.text)
    FPU_IRQHandler                           0x080001b7   Thumb Code     0  startup_stm32f4xx.o(.text)
    FSMC_IRQHandler                          0x080001b7   Thumb Code     0  startup_stm32f4xx.o(.text)
    HASH_RNG_IRQHandler                      0x080001b7   Thumb Code     0  startup_stm32f4xx.o(.text)
    I2C1_ER_IRQHandler                       0x080001b7   Thumb Code     0  startup_stm32f4xx.o(.text)
    I2C1_EV_IRQHandler                       0x080001b7   Thumb Code     0  startup_stm32f4xx.o(.text)
    I2C2_ER_IRQHandler                       0x080001b7   Thumb Code     0  startup_stm32f4xx.o(.text)
    I2C2_EV_IRQHandler                       0x080001b7   Thumb Code     0  startup_stm32f4xx.o(.text)
    I2C3_ER_IRQHandler                       0x080001b7   Thumb Code     0  startup_stm32f4xx.o(.text)
    I2C3_EV_IRQHandler                       0x080001b7   Thumb Code     0  startup_stm32f4xx.o(.text)
    OTG_FS_IRQHandler                        0x080001b7   Thumb Code     0  startup_stm32f4xx.o(.text)
    OTG_FS_WKUP_IRQHandler                   0x080001b7   Thumb Code     0  startup_stm32f4xx.o(.text)
    OTG_HS_EP1_IN_IRQHandler                 0x080001b7   Thumb Code     0  startup_stm32f4xx.o(.text)
    OTG_HS_EP1_OUT_IRQHandler                0x080001b7   Thumb Code     0  startup_stm32f4xx.o(.text)
    OTG_HS_IRQHandler                        0x080001b7   Thumb Code     0  startup_stm32f4xx.o(.text)
    OTG_HS_WKUP_IRQHandler                   0x080001b7   Thumb Code     0  startup_stm32f4xx.o(.text)
    PVD_IRQHandler                           0x080001b7   Thumb Code     0  startup_stm32f4xx.o(.text)
    RCC_IRQHandler                           0x080001b7   Thumb Code     0  startup_stm32f4xx.o(.text)
    RTC_Alarm_IRQHandler                     0x080001b7   Thumb Code     0  startup_stm32f4xx.o(.text)
    RTC_WKUP_IRQHandler                      0x080001b7   Thumb Code     0  startup_stm32f4xx.o(.text)
    SDIO_IRQHandler                          0x080001b7   Thumb Code     0  startup_stm32f4xx.o(.text)
    SPI1_IRQHandler                          0x080001b7   Thumb Code     0  startup_stm32f4xx.o(.text)
    SPI2_IRQHandler                          0x080001b7   Thumb Code     0  startup_stm32f4xx.o(.text)
    SPI3_IRQHandler                          0x080001b7   Thumb Code     0  startup_stm32f4xx.o(.text)
    TAMP_STAMP_IRQHandler                    0x080001b7   Thumb Code     0  startup_stm32f4xx.o(.text)
    TIM1_BRK_TIM9_IRQHandler                 0x080001b7   Thumb Code     0  startup_stm32f4xx.o(.text)
    TIM1_CC_IRQHandler                       0x080001b7   Thumb Code     0  startup_stm32f4xx.o(.text)
    TIM1_TRG_COM_TIM11_IRQHandler            0x080001b7   Thumb Code     0  startup_stm32f4xx.o(.text)
    TIM1_UP_TIM10_IRQHandler                 0x080001b7   Thumb Code     0  startup_stm32f4xx.o(.text)
    TIM2_IRQHandler                          0x080001b7   Thumb Code     0  startup_stm32f4xx.o(.text)
    TIM4_IRQHandler                          0x080001b7   Thumb Code     0  startup_stm32f4xx.o(.text)
    TIM5_IRQHandler                          0x080001b7   Thumb Code     0  startup_stm32f4xx.o(.text)
    TIM6_DAC_IRQHandler                      0x080001b7   Thumb Code     0  startup_stm32f4xx.o(.text)
    TIM7_IRQHandler                          0x080001b7   Thumb Code     0  startup_stm32f4xx.o(.text)
    TIM8_BRK_TIM12_IRQHandler                0x080001b7   Thumb Code     0  startup_stm32f4xx.o(.text)
    TIM8_CC_IRQHandler                       0x080001b7   Thumb Code     0  startup_stm32f4xx.o(.text)
    TIM8_TRG_COM_TIM14_IRQHandler            0x080001b7   Thumb Code     0  startup_stm32f4xx.o(.text)
    TIM8_UP_TIM13_IRQHandler                 0x080001b7   Thumb Code     0  startup_stm32f4xx.o(.text)
    UART4_IRQHandler                         0x080001b7   Thumb Code     0  startup_stm32f4xx.o(.text)
    UART5_IRQHandler                         0x080001b7   Thumb Code     0  startup_stm32f4xx.o(.text)
    USART1_IRQHandler                        0x080001b7   Thumb Code     0  startup_stm32f4xx.o(.text)
    USART2_IRQHandler                        0x080001b7   Thumb Code     0  startup_stm32f4xx.o(.text)
    USART3_IRQHandler                        0x080001b7   Thumb Code     0  startup_stm32f4xx.o(.text)
    USART6_IRQHandler                        0x080001b7   Thumb Code     0  startup_stm32f4xx.o(.text)
    WWDG_IRQHandler                          0x080001b7   Thumb Code     0  startup_stm32f4xx.o(.text)
    OS_CPU_SR_Save                           0x080001c1   Thumb Code     0  os_cpu_a.o(.text)
    OS_CPU_SR_Restore                        0x080001c9   Thumb Code     0  os_cpu_a.o(.text)
    OSStartHighRdy                           0x080001cf   Thumb Code     0  os_cpu_a.o(.text)
    OSCtxSw                                  0x080001ef   Thumb Code     0  os_cpu_a.o(.text)
    OSIntCtxSw                               0x080001f9   Thumb Code     0  os_cpu_a.o(.text)
    PendSV_Handler                           0x08000203   Thumb Code     0  os_cpu_a.o(.text)
    __aeabi_dadd                             0x08000281   Thumb Code   322  dadd.o(.text)
    __aeabi_dsub                             0x080003c3   Thumb Code     6  dadd.o(.text)
    __aeabi_drsub                            0x080003c9   Thumb Code     6  dadd.o(.text)
    __aeabi_dmul                             0x080003cf   Thumb Code   228  dmul.o(.text)
    __aeabi_ddiv                             0x080004b3   Thumb Code   222  ddiv.o(.text)
    __aeabi_i2d                              0x08000591   Thumb Code    34  dflti.o(.text)
    __aeabi_d2iz                             0x080005b3   Thumb Code    62  dfixi.o(.text)
    __aeabi_f2d                              0x080005f1   Thumb Code    38  f2d.o(.text)
    __aeabi_d2f                              0x08000617   Thumb Code    56  d2f.o(.text)
    __aeabi_uidiv                            0x0800064f   Thumb Code     0  uidiv.o(.text)
    __aeabi_uidivmod                         0x0800064f   Thumb Code    44  uidiv.o(.text)
    __aeabi_uldivmod                         0x0800067b   Thumb Code    98  uldiv.o(.text)
    __aeabi_llsl                             0x080006dd   Thumb Code    30  llshl.o(.text)
    _ll_shift_l                              0x080006dd   Thumb Code     0  llshl.o(.text)
    __aeabi_llsr                             0x080006fb   Thumb Code    32  llushr.o(.text)
    _ll_ushift_r                             0x080006fb   Thumb Code     0  llushr.o(.text)
    __aeabi_lasr                             0x0800071b   Thumb Code    36  llsshr.o(.text)
    _ll_sshift_r                             0x0800071b   Thumb Code     0  llsshr.o(.text)
    __I$use$fp                               0x0800073f   Thumb Code     0  iusefp.o(.text)
    _float_round                             0x0800073f   Thumb Code    18  fepilogue.o(.text)
    _float_epilogue                          0x08000751   Thumb Code    92  fepilogue.o(.text)
    _double_round                            0x080007ad   Thumb Code    26  depilogue.o(.text)
    _double_epilogue                         0x080007c7   Thumb Code   156  depilogue.o(.text)
    __aeabi_d2ulz                            0x08000863   Thumb Code    48  dfixul.o(.text)
    __aeabi_cdrcmple                         0x08000895   Thumb Code    38  cdrcmple.o(.text)
    __scatterload                            0x080008bd   Thumb Code    28  init.o(.text)
    __scatterload_rt2                        0x080008bd   Thumb Code     0  init.o(.text)
    _dsqrt                                   0x080008e1   Thumb Code   162  dsqrt.o(.text)
    __aeabi_ui2d                             0x08000983   Thumb Code    26  dfltui.o(.text)
    __decompress                             0x0800099d   Thumb Code     0  __dczerorl.o(.text)
    __decompress0                            0x0800099d   Thumb Code    58  __dczerorl.o(.text)
    AHRSupdate                               0x080009d9   Thumb Code  2090  imu.o(i.AHRSupdate)
    App_TCBInitHook                          0x0800123d   Thumb Code     2  os_cpu_c.o(i.App_TCBInitHook)
    App_TaskCreateHook                       0x0800123f   Thumb Code     2  os_cpu_c.o(i.App_TaskCreateHook)
    App_TaskIdleHook                         0x08001241   Thumb Code     2  os_cpu_c.o(i.App_TaskIdleHook)
    App_TaskStatHook                         0x08001243   Thumb Code     2  os_cpu_c.o(i.App_TaskStatHook)
    App_TaskSwHook                           0x08001245   Thumb Code     2  os_cpu_c.o(i.App_TaskSwHook)
    App_TimeTickHook                         0x08001247   Thumb Code     2  os_cpu_c.o(i.App_TimeTickHook)
    BusFault_Handler                         0x08001249   Thumb Code     4  stm32f4xx_it.o(i.BusFault_Handler)
    Cap_Config                               0x0800124d   Thumb Code   370  ppm.o(i.Cap_Config)
    Change_PWMTOExcept                       0x080013c9   Thumb Code   226  pidcontral.o(i.Change_PWMTOExcept)
    DebugMon_Handler                         0x080014c5   Thumb Code     2  stm32f4xx_it.o(i.DebugMon_Handler)
    GET_Attitude_TASK                        0x080014c9   Thumb Code   116  main.o(i.GET_Attitude_TASK)
    GET_COMPASS                              0x0800154d   Thumb Code    70  imu.o(i.GET_COMPASS)
    GET_PIDTIME                              0x080015a1   Thumb Code    50  tim.o(i.GET_PIDTIME)
    GET_TIME                                 0x080015e1   Thumb Code    46  tim.o(i.GET_TIME)
    GPIO_Iint                                0x08001621   Thumb Code    48  main.o(i.GPIO_Iint)
    GPIO_Init                                0x08001655   Thumb Code   144  stm32f4xx_gpio.o(i.GPIO_Init)
    GPIO_PinAFConfig                         0x080016e5   Thumb Code    70  stm32f4xx_gpio.o(i.GPIO_PinAFConfig)
    Get_Attitude                             0x0800172d   Thumb Code    62  imu.o(i.Get_Attitude)
    Get_Hmc5883_Data                         0x08001791   Thumb Code   124  mpu6050.o(i.Get_Hmc5883_Data)
    HMC5883_Write_Byte                       0x0800180d   Thumb Code    68  mpu6050.o(i.HMC5883_Write_Byte)
    HardFault_Handler                        0x08001851   Thumb Code     4  stm32f4xx_it.o(i.HardFault_Handler)
    IIC_ACK                                  0x08001855   Thumb Code    66  iic.o(i.IIC_ACK)
    IIC_Ini                                  0x080018a5   Thumb Code    62  iic.o(i.IIC_Ini)
    IIC_NACK                                 0x080018f1   Thumb Code    66  iic.o(i.IIC_NACK)
    IIC_ReadAByte                            0x08001941   Thumb Code    94  iic.o(i.IIC_ReadAByte)
    IIC_SendAByte                            0x080019ad   Thumb Code    90  iic.o(i.IIC_SendAByte)
    IIC_start                                0x08001a15   Thumb Code    64  iic.o(i.IIC_start)
    IIC_stop                                 0x08001a61   Thumb Code    62  iic.o(i.IIC_stop)
    Limit_PWMOUT                             0x08001aad   Thumb Code    52  pidcontral.o(i.Limit_PWMOUT)
    MOTOR_CAL                                0x08001ae9   Thumb Code   350  pidcontral.o(i.MOTOR_CAL)
    MPU_Get_Accel                            0x08001c95   Thumb Code    80  mpu6050.o(i.MPU_Get_Accel)
    MPU_Get_Gyro                             0x08001ce5   Thumb Code    80  mpu6050.o(i.MPU_Get_Gyro)
    MPU_Init                                 0x08001d35   Thumb Code   162  mpu6050.o(i.MPU_Init)
    MPU_Read_Len                             0x08001dd7   Thumb Code   116  mpu6050.o(i.MPU_Read_Len)
    MPU_Read_byte                            0x08001e4b   Thumb Code    62  mpu6050.o(i.MPU_Read_byte)
    MPU_Set_Accel_fsr                        0x08001e89   Thumb Code    16  mpu6050.o(i.MPU_Set_Accel_fsr)
    MPU_Set_Gyro_fsr                         0x08001e99   Thumb Code    16  mpu6050.o(i.MPU_Set_Gyro_fsr)
    MPU_Set_LPF                              0x08001ea9   Thumb Code    58  mpu6050.o(i.MPU_Set_LPF)
    MPU_Set_Sampel_Rate                      0x08001ee3   Thumb Code    60  mpu6050.o(i.MPU_Set_Sampel_Rate)
    MPU_Write_Byte                           0x08001f1f   Thumb Code    68  mpu6050.o(i.MPU_Write_Byte)
    MemManage_Handler                        0x08001f63   Thumb Code     4  stm32f4xx_it.o(i.MemManage_Handler)
    NMI_Handler                              0x08001f67   Thumb Code    32  stm32f4xx_it.o(i.NMI_Handler)
    NVIC_Init                                0x08001f89   Thumb Code   106  misc.o(i.NVIC_Init)
    NVIC_PriorityGroupConfig                 0x08002001   Thumb Code    10  misc.o(i.NVIC_PriorityGroupConfig)
    OSInit                                   0x08002015   Thumb Code    36  os_core.o(i.OSInit)
    OSInitHookBegin                          0x08002039   Thumb Code     2  os_cpu_c.o(i.OSInitHookBegin)
    OSInitHookEnd                            0x0800203b   Thumb Code     2  os_cpu_c.o(i.OSInitHookEnd)
    OSIntEnter                               0x0800203d   Thumb Code    28  os_core.o(i.OSIntEnter)
    OSIntExit                                0x08002061   Thumb Code   112  os_core.o(i.OSIntExit)
    OSSchedLock                              0x080020f1   Thumb Code    50  os_core.o(i.OSSchedLock)
    OSSchedUnlock                            0x08002131   Thumb Code    82  os_core.o(i.OSSchedUnlock)
    OSStart                                  0x08002191   Thumb Code    48  os_core.o(i.OSStart)
    OSTCBInitHook                            0x080021d9   Thumb Code    12  os_cpu_c.o(i.OSTCBInitHook)
    OSTaskCreate                             0x080021e5   Thumb Code   156  os_task.o(i.OSTaskCreate)
    OSTaskCreateExt                          0x0800228d   Thumb Code   178  os_task.o(i.OSTaskCreateExt)
    OSTaskCreateHook                         0x0800234d   Thumb Code    12  os_cpu_c.o(i.OSTaskCreateHook)
    OSTaskIdleHook                           0x08002359   Thumb Code     8  os_cpu_c.o(i.OSTaskIdleHook)
    OSTaskNameSet                            0x08002361   Thumb Code   120  os_task.o(i.OSTaskNameSet)
    OSTaskStatHook                           0x080023e5   Thumb Code     8  os_cpu_c.o(i.OSTaskStatHook)
    OSTaskStkChk                             0x080023ed   Thumb Code   150  os_task.o(i.OSTaskStkChk)
    OSTaskStkInit                            0x0800248d   Thumb Code   424  os_cpu_c.o(i.OSTaskStkInit)
    OSTaskSuspend                            0x08002635   Thumb Code   172  os_task.o(i.OSTaskSuspend)
    OSTaskSwHook                             0x080026f1   Thumb Code     8  os_cpu_c.o(i.OSTaskSwHook)
    OSTimeDly                                0x080026f9   Thumb Code   100  os_time.o(i.OSTimeDly)
    OSTimeTick                               0x08002771   Thumb Code   210  os_core.o(i.OSTimeTick)
    OSTimeTickHook                           0x0800285d   Thumb Code     8  os_cpu_c.o(i.OSTimeTickHook)
    OS_MemClr                                0x08002a11   Thumb Code    18  os_core.o(i.OS_MemClr)
    OS_Sched                                 0x08002a25   Thumb Code    88  os_core.o(i.OS_Sched)
    OS_TCBInit                               0x08002ac5   Thumb Code   266  os_core.o(i.OS_TCBInit)
    OS_TaskIdle                              0x08002bed   Thumb Code    34  os_core.o(i.OS_TaskIdle)
    OS_TaskStat                              0x08002c15   Thumb Code   116  os_core.o(i.OS_TaskStat)
    OS_TaskStatStkChk                        0x08002c9d   Thumb Code    54  os_core.o(i.OS_TaskStatStkChk)
    OS_TaskStkClr                            0x08002cd9   Thumb Code    26  os_task.o(i.OS_TaskStkClr)
    PID_Cal                                  0x08002cf5   Thumb Code   216  pidcontral.o(i.PID_Cal)
    PID_Ini                                  0x08002dd1   Thumb Code   106  pidcontral.o(i.PID_Ini)
    PWM_OUTPUT_TASK                          0x08002e51   Thumb Code    56  main.o(i.PWM_OUTPUT_TASK)
    RCC_AHB1PeriphClockCmd                   0x08002ea9   Thumb Code    26  stm32f4xx_rcc.o(i.RCC_AHB1PeriphClockCmd)
    RCC_APB1PeriphClockCmd                   0x08002ec9   Thumb Code    26  stm32f4xx_rcc.o(i.RCC_APB1PeriphClockCmd)
    RCC_APB1PeriphResetCmd                   0x08002ee9   Thumb Code    26  stm32f4xx_rcc.o(i.RCC_APB1PeriphResetCmd)
    RCC_APB2PeriphClockCmd                   0x08002f09   Thumb Code    26  stm32f4xx_rcc.o(i.RCC_APB2PeriphClockCmd)
    RCC_APB2PeriphResetCmd                   0x08002f29   Thumb Code    26  stm32f4xx_rcc.o(i.RCC_APB2PeriphResetCmd)
    RCC_ClearITPendingBit                    0x08002f49   Thumb Code     6  stm32f4xx_rcc.o(i.RCC_ClearITPendingBit)
    RCC_GetITStatus                          0x08002f55   Thumb Code    20  stm32f4xx_rcc.o(i.RCC_GetITStatus)
    RCC_HSEConfig                            0x08002f6d   Thumb Code    12  stm32f4xx_rcc.o(i.RCC_HSEConfig)
    RCC_ITConfig                             0x08002f7d   Thumb Code    26  stm32f4xx_rcc.o(i.RCC_ITConfig)
    SER_Initialize                           0x08002f9d   Thumb Code   100  serial.o(i.SER_Initialize)
    SER_PutChar                              0x0800300d   Thumb Code    24  serial.o(i.SER_PutChar)
    SVC_Handler                              0x08003029   Thumb Code     2  stm32f4xx_it.o(i.SVC_Handler)
    Start_Task                               0x0800302d   Thumb Code    52  main.o(i.Start_Task)
    SysTick_CLKSourceConfig                  0x08003071   Thumb Code    40  misc.o(i.SysTick_CLKSourceConfig)
    SysTick_Handler                          0x08003099   Thumb Code    16  delay.o(i.SysTick_Handler)
    SystemClcok                              0x080030a9   Thumb Code   206  main.o(i.SystemClcok)
    SystemCoreClockUpdate                    0x08003185   Thumb Code   170  system_stm32f4xx.o(i.SystemCoreClockUpdate)
    SystemInit                               0x08003245   Thumb Code   218  system_stm32f4xx.o(i.SystemInit)
    TIM1_PWMOUTPUT                           0x08003455   Thumb Code    48  pidcontral.o(i.TIM1_PWMOUTPUT)
    TIM2_Ini                                 0x08003489   Thumb Code    50  tim.o(i.TIM2_Ini)
    TIM3_IRQHandler                          0x080034bd   Thumb Code   504  stm32f4xx_it.o(i.TIM3_IRQHandler)
    TIM5_Ini                                 0x080036fd   Thumb Code    50  tim.o(i.TIM5_Ini)
    TIM_ARRPreloadConfig                     0x08003735   Thumb Code    24  stm32f4xx_tim.o(i.TIM_ARRPreloadConfig)
    TIM_ClearITPendingBit                    0x0800374d   Thumb Code     6  stm32f4xx_tim.o(i.TIM_ClearITPendingBit)
    TIM_Cmd                                  0x08003753   Thumb Code    24  stm32f4xx_tim.o(i.TIM_Cmd)
    TIM_CtrlPWMOutputs                       0x0800376b   Thumb Code    30  stm32f4xx_tim.o(i.TIM_CtrlPWMOutputs)
    TIM_DeInit                               0x08003789   Thumb Code   346  stm32f4xx_tim.o(i.TIM_DeInit)
    TIM_GetCapture1                          0x08003919   Thumb Code     6  stm32f4xx_tim.o(i.TIM_GetCapture1)
    TIM_GetCapture2                          0x0800391f   Thumb Code     6  stm32f4xx_tim.o(i.TIM_GetCapture2)
    TIM_GetCapture3                          0x08003925   Thumb Code     6  stm32f4xx_tim.o(i.TIM_GetCapture3)
    TIM_GetCapture4                          0x0800392b   Thumb Code     6  stm32f4xx_tim.o(i.TIM_GetCapture4)
    TIM_GetITStatus                          0x08003931   Thumb Code    34  stm32f4xx_tim.o(i.TIM_GetITStatus)
    TIM_ICInit                               0x08003953   Thumb Code   110  stm32f4xx_tim.o(i.TIM_ICInit)
    TIM_ITConfig                             0x080039c1   Thumb Code    18  stm32f4xx_tim.o(i.TIM_ITConfig)
    TIM_OC1Init                              0x080039d5   Thumb Code   114  stm32f4xx_tim.o(i.TIM_OC1Init)
    TIM_OC1PolarityConfig                    0x08003a51   Thumb Code    18  stm32f4xx_tim.o(i.TIM_OC1PolarityConfig)
    TIM_OC1PreloadConfig                     0x08003a63   Thumb Code    18  stm32f4xx_tim.o(i.TIM_OC1PreloadConfig)
    TIM_OC2Init                              0x08003a75   Thumb Code   154  stm32f4xx_tim.o(i.TIM_OC2Init)
    TIM_OC2PolarityConfig                    0x08003b19   Thumb Code    26  stm32f4xx_tim.o(i.TIM_OC2PolarityConfig)
    TIM_OC2PreloadConfig                     0x08003b33   Thumb Code    26  stm32f4xx_tim.o(i.TIM_OC2PreloadConfig)
    TIM_OC3Init                              0x08003b4d   Thumb Code   150  stm32f4xx_tim.o(i.TIM_OC3Init)
    TIM_OC3PolarityConfig                    0x08003bed   Thumb Code    26  stm32f4xx_tim.o(i.TIM_OC3PolarityConfig)
    TIM_OC3PreloadConfig                     0x08003c07   Thumb Code    18  stm32f4xx_tim.o(i.TIM_OC3PreloadConfig)
    TIM_OC4Init                              0x08003c19   Thumb Code   112  stm32f4xx_tim.o(i.TIM_OC4Init)
    TIM_OC4PolarityConfig                    0x08003c91   Thumb Code    26  stm32f4xx_tim.o(i.TIM_OC4PolarityConfig)
    TIM_OC4PreloadConfig                     0x08003cab   Thumb Code    26  stm32f4xx_tim.o(i.TIM_OC4PreloadConfig)
    TIM_SetCompare1                          0x08003cc5   Thumb Code     4  stm32f4xx_tim.o(i.TIM_SetCompare1)
    TIM_SetCompare2                          0x08003cc9   Thumb Code     4  stm32f4xx_tim.o(i.TIM_SetCompare2)
    TIM_SetCompare3                          0x08003ccd   Thumb Code     4  stm32f4xx_tim.o(i.TIM_SetCompare3)
    TIM_SetCompare4                          0x08003cd1   Thumb Code     4  stm32f4xx_tim.o(i.TIM_SetCompare4)
    TIM_SetIC1Prescaler                      0x08003cd5   Thumb Code    18  stm32f4xx_tim.o(i.TIM_SetIC1Prescaler)
    TIM_SetIC2Prescaler                      0x08003ce7   Thumb Code    26  stm32f4xx_tim.o(i.TIM_SetIC2Prescaler)
    TIM_SetIC3Prescaler                      0x08003d01   Thumb Code    18  stm32f4xx_tim.o(i.TIM_SetIC3Prescaler)
    TIM_SetIC4Prescaler                      0x08003d13   Thumb Code    26  stm32f4xx_tim.o(i.TIM_SetIC4Prescaler)
    TIM_TimeBaseInit                         0x08003d2d   Thumb Code   104  stm32f4xx_tim.o(i.TIM_TimeBaseInit)
    Tim_Init                                 0x08003db1   Thumb Code   256  tim.o(i.Tim_Init)
    USART_GetFlagStatus                      0x08003eb9   Thumb Code    26  stm32f4xx_usart.o(i.USART_GetFlagStatus)
    USART_SendData                           0x08003ed3   Thumb Code     8  stm32f4xx_usart.o(i.USART_SendData)
    UsageFault_Handler                       0x08003edb   Thumb Code     4  stm32f4xx_it.o(i.UsageFault_Handler)
    Wait_ACK_Come                            0x08003ee1   Thumb Code    82  iic.o(i.Wait_ACK_Come)
    __0printf                                0x08003f41   Thumb Code    22  printfa.o(i.__0printf)
    __1printf                                0x08003f41   Thumb Code     0  printfa.o(i.__0printf)
    __2printf                                0x08003f41   Thumb Code     0  printfa.o(i.__0printf)
    __c89printf                              0x08003f41   Thumb Code     0  printfa.o(i.__0printf)
    printf                                   0x08003f41   Thumb Code     0  printfa.o(i.__0printf)
    __ARM_fpclassify                         0x08003f61   Thumb Code    48  fpclassify.o(i.__ARM_fpclassify)
    __hardfp_asin                            0x08003f91   Thumb Code   770  asin.o(i.__hardfp_asin)
    __hardfp_atan                            0x08004301   Thumb Code   632  atan.o(i.__hardfp_atan)
    __hardfp_atan2                           0x080045e1   Thumb Code   426  atan2.o(i.__hardfp_atan2)
    __hardfp_cos                             0x080047d1   Thumb Code   200  cos.o(i.__hardfp_cos)
    __hardfp_sin                             0x080048a9   Thumb Code   200  sin.o(i.__hardfp_sin)
    __hardfp_sqrtf                           0x08004981   Thumb Code    58  sqrtf.o(i.__hardfp_sqrtf)
    __ieee754_rem_pio2                       0x080049c1   Thumb Code   938  rred.o(i.__ieee754_rem_pio2)
    __kernel_cos                             0x08004df9   Thumb Code   322  cos_i.o(i.__kernel_cos)
    __kernel_poly                            0x08004f69   Thumb Code   248  poly.o(i.__kernel_poly)
    __kernel_sin                             0x08005061   Thumb Code   280  sin_i.o(i.__kernel_sin)
    __mathlib_dbl_underflow                  0x08005191   Thumb Code    24  dunder.o(i.__mathlib_dbl_underflow)
    __scatterload_copy                       0x080051b1   Thumb Code    14  handlers.o(i.__scatterload_copy)
    __scatterload_null                       0x080051bf   Thumb Code     2  handlers.o(i.__scatterload_null)
    __scatterload_zeroinit                   0x080051c1   Thumb Code    14  handlers.o(i.__scatterload_zeroinit)
    __set_errno                              0x080051d1   Thumb Code     6  errno.o(i.__set_errno)
    atan                                     0x08005a6f   Thumb Code    16  atan.o(i.atan)
    compass_calibration                      0x08005a81   Thumb Code  1350  imu.o(i.compass_calibration)
    delay_init                               0x08005ff5   Thumb Code    76  delay.o(i.delay_init)
    delay_ms                                 0x08006049   Thumb Code    68  delay.o(i.delay_ms)
    delay_us                                 0x08006099   Thumb Code    86  delay.o(i.delay_us)
    fabs                                     0x080060f5   Thumb Code    24  fabs.o(i.fabs)
    fputc                                    0x0800610d   Thumb Code    14  retarget.o(i.fputc)
    get_compass_bias                         0x0800611d   Thumb Code   326  imu.o(i.get_compass_bias)
    get_gy86_data                            0x0800628d   Thumb Code   334  imu.o(i.get_gy86_data)
    get_gyro_bias                            0x08006435   Thumb Code   230  imu.o(i.get_gyro_bias)
    init_quaternion                          0x08006531   Thumb Code  2838  imu.o(i.init_quaternion)
    invSqrt                                  0x08007085   Thumb Code    56  imu.o(i.invSqrt)
    main                                     0x080070c1   Thumb Code   144  main.o(i.main)
    sqrt                                     0x0800716d   Thumb Code   110  sqrt.o(i.sqrt)
    usart1_niming_report                     0x080071db   Thumb Code   118  main.o(i.usart1_niming_report)
    usart1_report_imu                        0x08007251   Thumb Code   192  main.o(i.usart1_report_imu)
    usart1_send_char                         0x08007311   Thumb Code    28  main.o(i.usart1_send_char)
    OSUnMapTbl                               0x08007330   Data         256  os_core.o(.constdata)
    __mathlib_zero                           0x08007548   Data           8  qnan.o(.constdata)
    Region$$Table$$Base                      0x08007744   Number         0  anon$$obj.o(Region$$Table)
    Region$$Table$$Limit                     0x08007764   Number         0  anon$$obj.o(Region$$Table)
    SystemCoreClock                          0x20000000   Data           4  system_stm32f4xx.o(.data)
    AHBPrescTable                            0x20000004   Data          16  system_stm32f4xx.o(.data)
    TIM3CH1_CAPTURE_STA                      0x20000014   Data           1  stm32f4xx_it.o(.data)
    TIM3CH2_CAPTURE_STA                      0x20000015   Data           1  stm32f4xx_it.o(.data)
    TIM3CH3_CAPTURE_STA                      0x20000016   Data           1  stm32f4xx_it.o(.data)
    TIM3CH4_CAPTURE_STA                      0x20000017   Data           1  stm32f4xx_it.o(.data)
    TIM3CH1_Rise                             0x20000018   Data           2  stm32f4xx_it.o(.data)
    TIM3CH2_Rise                             0x2000001a   Data           2  stm32f4xx_it.o(.data)
    TIM3CH3_Rise                             0x2000001c   Data           2  stm32f4xx_it.o(.data)
    TIM3CH4_Rise                             0x2000001e   Data           2  stm32f4xx_it.o(.data)
    TIM3CH1_Fall                             0x20000020   Data           2  stm32f4xx_it.o(.data)
    TIM3CH2_Fall                             0x20000022   Data           2  stm32f4xx_it.o(.data)
    TIM3CH3_Fall                             0x20000024   Data           2  stm32f4xx_it.o(.data)
    TIM3CH4_Fall                             0x20000026   Data           2  stm32f4xx_it.o(.data)
    TIM3_T                                   0x20000028   Data           2  stm32f4xx_it.o(.data)
    PWMInCh1                                 0x2000002a   Data           2  stm32f4xx_it.o(.data)
    PWMInCh2                                 0x2000002c   Data           2  stm32f4xx_it.o(.data)
    PWMInCh3                                 0x2000002e   Data           2  stm32f4xx_it.o(.data)
    PWMInCh4                                 0x20000030   Data           2  stm32f4xx_it.o(.data)
    OSCtxSwCtr                               0x20000034   Data           4  os_core.o(.data)
    OSCPUUsage                               0x20000038   Data           1  os_core.o(.data)
    OSIdleCtrMax                             0x2000003c   Data           4  os_core.o(.data)
    OSIdleCtrRun                             0x20000040   Data           4  os_core.o(.data)
    OSStatRdy                                0x20000044   Data           1  os_core.o(.data)
    OSIntNesting                             0x20000045   Data           1  os_core.o(.data)
    OSLockNesting                            0x20000046   Data           1  os_core.o(.data)
    OSPrioCur                                0x20000047   Data           1  os_core.o(.data)
    OSPrioHighRdy                            0x20000048   Data           1  os_core.o(.data)
    OSRdyGrp                                 0x20000049   Data           1  os_core.o(.data)
    OSRdyTbl                                 0x2000004a   Data           2  os_core.o(.data)
    OSRunning                                0x2000004c   Data           1  os_core.o(.data)
    OSTaskCtr                                0x2000004d   Data           1  os_core.o(.data)
    OSIdleCtr                                0x20000050   Data           4  os_core.o(.data)
    OSTCBCur                                 0x20000054   Data           4  os_core.o(.data)
    OSTCBFreeList                            0x20000058   Data           4  os_core.o(.data)
    OSTCBHighRdy                             0x2000005c   Data           4  os_core.o(.data)
    OSTCBList                                0x20000060   Data           4  os_core.o(.data)
    OSTickStepState                          0x20000064   Data           1  os_core.o(.data)
    OSTime                                   0x20000068   Data           4  os_core.o(.data)
    Pitch                                    0x20000070   Data           4  imu.o(.data)
    Roll                                     0x20000074   Data           4  imu.o(.data)
    Yaw                                      0x20000078   Data           4  imu.o(.data)
    MXgain                                   0x2000007c   Data           4  imu.o(.data)
    MYgain                                   0x20000080   Data           4  imu.o(.data)
    MZgain                                   0x20000084   Data           4  imu.o(.data)
    MXoffset                                 0x20000088   Data           4  imu.o(.data)
    MYoffset                                 0x2000008c   Data           4  imu.o(.data)
    MZoffset                                 0x20000090   Data           4  imu.o(.data)
    maxMagX                                  0x20000094   Data           4  imu.o(.data)
    minMagX                                  0x20000098   Data           4  imu.o(.data)
    maxMagY                                  0x2000009c   Data           4  imu.o(.data)
    minMagY                                  0x200000a0   Data           4  imu.o(.data)
    maxMagZ                                  0x200000a4   Data           4  imu.o(.data)
    minMagZ                                  0x200000a8   Data           4  imu.o(.data)
    init_ax                                  0x200000ac   Data           4  imu.o(.data)
    init_ay                                  0x200000b0   Data           4  imu.o(.data)
    init_az                                  0x200000b4   Data           4  imu.o(.data)
    init_gx                                  0x200000b8   Data           4  imu.o(.data)
    init_gy                                  0x200000bc   Data           4  imu.o(.data)
    init_gz                                  0x200000c0   Data           4  imu.o(.data)
    init_mx                                  0x200000c4   Data           4  imu.o(.data)
    init_my                                  0x200000c8   Data           4  imu.o(.data)
    init_mz                                  0x200000cc   Data           4  imu.o(.data)
    Gyro_Xout_Offset                         0x200000d0   Data           4  imu.o(.data)
    Gyro_Yout_Offset                         0x200000d4   Data           4  imu.o(.data)
    Gyro_Zout_Offset                         0x200000d8   Data           4  imu.o(.data)
    Accel_Xout_Offset                        0x200000dc   Data           4  imu.o(.data)
    Accel_Yout_Offset                        0x200000e0   Data           4  imu.o(.data)
    Accel_Zout_Offset                        0x200000e4   Data           4  imu.o(.data)
    q0                                       0x200000e8   Data           4  imu.o(.data)
    q1                                       0x200000ec   Data           4  imu.o(.data)
    q2                                       0x200000f0   Data           4  imu.o(.data)
    q3                                       0x200000f4   Data           4  imu.o(.data)
    heading                                  0x200000f8   Data           4  imu.o(.data)
    halfT                                    0x200000fc   Data           4  imu.o(.data)
    exInt                                    0x20000100   Data           4  imu.o(.data)
    eyInt                                    0x20000104   Data           4  imu.o(.data)
    ezInt                                    0x20000108   Data           4  imu.o(.data)
    Time_dt                                  0x20000110   Data           4  pidcontral.o(.data)
    pid_roll                                 0x20000114   Data           4  pidcontral.o(.data)
    pid_pitch                                0x20000118   Data           4  pidcontral.o(.data)
    pid_yaw                                  0x2000011c   Data           4  pidcontral.o(.data)
    MOTOR1                                   0x20000120   Data           2  pidcontral.o(.data)
    MOTOR2                                   0x20000122   Data           2  pidcontral.o(.data)
    MOTOR3                                   0x20000124   Data           2  pidcontral.o(.data)
    MOTOR4                                   0x20000126   Data           2  pidcontral.o(.data)
    Motor_Ail                                0x20000128   Data           4  pidcontral.o(.data)
    Motor_Ele                                0x2000012c   Data           4  pidcontral.o(.data)
    Motor_Thr                                0x20000130   Data           4  pidcontral.o(.data)
    Motor_Rud                                0x20000134   Data           4  pidcontral.o(.data)
    __stdout                                 0x20000138   Data           4  retarget.o(.data)
    __stdin                                  0x2000013c   Data           4  retarget.o(.data)
    START_TASK_STK                           0x2000014c   Data        2048  main.o(.bss)
    ATTITUDE_TASK_STK                        0x2000094c   Data        2048  main.o(.bss)
    PWM_TASK_STK                             0x2000114c   Data        2048  main.o(.bss)
    OSTaskStatStk                            0x2000194c   Data         512  os_core.o(.bss)
    OSTaskIdleStk                            0x20001b4c   Data         512  os_core.o(.bss)
    OSTCBPrioTbl                             0x20001d4c   Data          64  os_core.o(.bss)
    OSTCBTbl                                 0x20001d8c   Data         816  os_core.o(.bss)
    PID_Yaw_Struct                           0x200020bc   Data          52  pidcontral.o(.bss)
    PID_Roll_Struct                          0x200020f0   Data          52  pidcontral.o(.bss)
    PID_Pitch_Struct                         0x20002124   Data          52  pidcontral.o(.bss)
    PID_Para                                 0x20002158   Data          52  pidcontral.o(.bss)
    __initial_sp                             0x20002590   Data           0  startup_stm32f4xx.o(STACK)



==============================================================================

Memory Map of the image

  Image Entry point : 0x08000189

  Load Region LR_IROM1 (Base: 0x08000000, Size: 0x000078b0, Max: 0x00060000, ABSOLUTE, COMPRESSED[0x00007778])

    Execution Region ER_IROM1 (Base: 0x08000000, Size: 0x00007764, Max: 0x00060000, ABSOLUTE)

    Base Addr    Size         Type   Attr      Idx    E Section Name        Object

    0x08000000   0x00000188   Data   RO            3    RESET               startup_stm32f4xx.o
    0x08000188   0x00000000   Code   RO         3048  * .ARM.Collect$$$$00000000  mc_w.l(entry.o)
    0x08000188   0x00000004   Code   RO         3381    .ARM.Collect$$$$00000001  mc_w.l(entry2.o)
    0x0800018c   0x00000004   Code   RO         3384    .ARM.Collect$$$$00000004  mc_w.l(entry5.o)
    0x08000190   0x00000000   Code   RO         3386    .ARM.Collect$$$$00000008  mc_w.l(entry7b.o)
    0x08000190   0x00000000   Code   RO         3388    .ARM.Collect$$$$0000000A  mc_w.l(entry8b.o)
    0x08000190   0x00000008   Code   RO         3389    .ARM.Collect$$$$0000000B  mc_w.l(entry9a.o)
    0x08000198   0x00000000   Code   RO         3391    .ARM.Collect$$$$0000000D  mc_w.l(entry10a.o)
    0x08000198   0x00000000   Code   RO         3393    .ARM.Collect$$$$0000000F  mc_w.l(entry11a.o)
    0x08000198   0x00000004   Code   RO         3382    .ARM.Collect$$$$00002712  mc_w.l(entry2.o)
    0x0800019c   0x00000024   Code   RO            4    .text               startup_stm32f4xx.o
    0x080001c0   0x000000c0   Code   RO          295    .text               os_cpu_a.o
    0x08000280   0x0000014e   Code   RO         3312    .text               mf_w.l(dadd.o)
    0x080003ce   0x000000e4   Code   RO         3314    .text               mf_w.l(dmul.o)
    0x080004b2   0x000000de   Code   RO         3316    .text               mf_w.l(ddiv.o)
    0x08000590   0x00000022   Code   RO         3320    .text               mf_w.l(dflti.o)
    0x080005b2   0x0000003e   Code   RO         3322    .text               mf_w.l(dfixi.o)
    0x080005f0   0x00000026   Code   RO         3324    .text               mf_w.l(f2d.o)
    0x08000616   0x00000038   Code   RO         3326    .text               mf_w.l(d2f.o)
    0x0800064e   0x0000002c   Code   RO         3395    .text               mc_w.l(uidiv.o)
    0x0800067a   0x00000062   Code   RO         3397    .text               mc_w.l(uldiv.o)
    0x080006dc   0x0000001e   Code   RO         3399    .text               mc_w.l(llshl.o)
    0x080006fa   0x00000020   Code   RO         3401    .text               mc_w.l(llushr.o)
    0x0800071a   0x00000024   Code   RO         3403    .text               mc_w.l(llsshr.o)
    0x0800073e   0x00000000   Code   RO         3412    .text               mc_w.l(iusefp.o)
    0x0800073e   0x0000006e   Code   RO         3413    .text               mf_w.l(fepilogue.o)
    0x080007ac   0x000000b6   Code   RO         3415    .text               mf_w.l(depilogue.o)
    0x08000862   0x00000030   Code   RO         3417    .text               mf_w.l(dfixul.o)
    0x08000892   0x00000002   PAD
    0x08000894   0x00000028   Code   RO         3419    .text               mf_w.l(cdrcmple.o)
    0x080008bc   0x00000024   Code   RO         3421    .text               mc_w.l(init.o)
    0x080008e0   0x000000a2   Code   RO         3423    .text               mf_w.l(dsqrt.o)
    0x08000982   0x0000001a   Code   RO         3425    .text               mf_w.l(dfltui.o)
    0x0800099c   0x0000003a   Code   RO         3437    .text               mc_w.l(__dczerorl.o)
    0x080009d6   0x00000002   PAD
    0x080009d8   0x00000864   Code   RO          925    i.AHRSupdate        imu.o
    0x0800123c   0x00000002   Code   RO          299    i.App_TCBInitHook   os_cpu_c.o
    0x0800123e   0x00000002   Code   RO          300    i.App_TaskCreateHook  os_cpu_c.o
    0x08001240   0x00000002   Code   RO          302    i.App_TaskIdleHook  os_cpu_c.o
    0x08001242   0x00000002   Code   RO          303    i.App_TaskStatHook  os_cpu_c.o
    0x08001244   0x00000002   Code   RO          304    i.App_TaskSwHook    os_cpu_c.o
    0x08001246   0x00000002   Code   RO          305    i.App_TimeTickHook  os_cpu_c.o
    0x08001248   0x00000004   Code   RO          232    i.BusFault_Handler  stm32f4xx_it.o
    0x0800124c   0x0000017c   Code   RO         1179    i.Cap_Config        ppm.o
    0x080013c8   0x000000fc   Code   RO         1125    i.Change_PWMTOExcept  pidcontral.o
    0x080014c4   0x00000002   Code   RO          233    i.DebugMon_Handler  stm32f4xx_it.o
    0x080014c6   0x00000002   PAD
    0x080014c8   0x00000084   Code   RO           97    i.GET_Attitude_TASK  main.o
    0x0800154c   0x00000054   Code   RO          926    i.GET_COMPASS       imu.o
    0x080015a0   0x00000040   Code   RO         1314    i.GET_PIDTIME       tim.o
    0x080015e0   0x00000040   Code   RO         1315    i.GET_TIME          tim.o
    0x08001620   0x00000034   Code   RO           98    i.GPIO_Iint         main.o
    0x08001654   0x00000090   Code   RO         1830    i.GPIO_Init         stm32f4xx_gpio.o
    0x080016e4   0x00000046   Code   RO         1831    i.GPIO_PinAFConfig  stm32f4xx_gpio.o
    0x0800172a   0x00000002   PAD
    0x0800172c   0x00000064   Code   RO          927    i.Get_Attitude      imu.o
    0x08001790   0x0000007c   Code   RO         1004    i.Get_Hmc5883_Data  mpu6050.o
    0x0800180c   0x00000044   Code   RO         1008    i.HMC5883_Write_Byte  mpu6050.o
    0x08001850   0x00000004   Code   RO          234    i.HardFault_Handler  stm32f4xx_it.o
    0x08001854   0x00000050   Code   RO          864    i.IIC_ACK           iic.o
    0x080018a4   0x0000004c   Code   RO          865    i.IIC_Ini           iic.o
    0x080018f0   0x00000050   Code   RO          866    i.IIC_NACK          iic.o
    0x08001940   0x0000006c   Code   RO          867    i.IIC_ReadAByte     iic.o
    0x080019ac   0x00000068   Code   RO          868    i.IIC_SendAByte     iic.o
    0x08001a14   0x0000004c   Code   RO          869    i.IIC_start         iic.o
    0x08001a60   0x0000004c   Code   RO          870    i.IIC_stop          iic.o
    0x08001aac   0x0000003c   Code   RO         1126    i.Limit_PWMOUT      pidcontral.o
    0x08001ae8   0x000001ac   Code   RO         1127    i.MOTOR_CAL         pidcontral.o
    0x08001c94   0x00000050   Code   RO         1009    i.MPU_Get_Accel     mpu6050.o
    0x08001ce4   0x00000050   Code   RO         1010    i.MPU_Get_Gyro      mpu6050.o
    0x08001d34   0x000000a2   Code   RO         1012    i.MPU_Init          mpu6050.o
    0x08001dd6   0x00000074   Code   RO         1013    i.MPU_Read_Len      mpu6050.o
    0x08001e4a   0x0000003e   Code   RO         1014    i.MPU_Read_byte     mpu6050.o
    0x08001e88   0x00000010   Code   RO         1015    i.MPU_Set_Accel_fsr  mpu6050.o
    0x08001e98   0x00000010   Code   RO         1016    i.MPU_Set_Gyro_fsr  mpu6050.o
    0x08001ea8   0x0000003a   Code   RO         1017    i.MPU_Set_LPF       mpu6050.o
    0x08001ee2   0x0000003c   Code   RO         1018    i.MPU_Set_Sampel_Rate  mpu6050.o
    0x08001f1e   0x00000044   Code   RO         1019    i.MPU_Write_Byte    mpu6050.o
    0x08001f62   0x00000004   Code   RO          235    i.MemManage_Handler  stm32f4xx_it.o
    0x08001f66   0x00000020   Code   RO          236    i.NMI_Handler       stm32f4xx_it.o
    0x08001f86   0x00000002   PAD
    0x08001f88   0x00000078   Code   RO         1361    i.NVIC_Init         misc.o
    0x08002000   0x00000014   Code   RO         1362    i.NVIC_PriorityGroupConfig  misc.o
    0x08002014   0x00000024   Code   RO          442    i.OSInit            os_core.o
    0x08002038   0x00000002   Code   RO          306    i.OSInitHookBegin   os_cpu_c.o
    0x0800203a   0x00000002   Code   RO          307    i.OSInitHookEnd     os_cpu_c.o
    0x0800203c   0x00000024   Code   RO          443    i.OSIntEnter        os_core.o
    0x08002060   0x00000090   Code   RO          444    i.OSIntExit         os_core.o
    0x080020f0   0x00000040   Code   RO          445    i.OSSchedLock       os_core.o
    0x08002130   0x00000060   Code   RO          446    i.OSSchedUnlock     os_core.o
    0x08002190   0x00000048   Code   RO          447    i.OSStart           os_core.o
    0x080021d8   0x0000000c   Code   RO          308    i.OSTCBInitHook     os_cpu_c.o
    0x080021e4   0x000000a8   Code   RO          636    i.OSTaskCreate      os_task.o
    0x0800228c   0x000000c0   Code   RO          637    i.OSTaskCreateExt   os_task.o
    0x0800234c   0x0000000c   Code   RO          309    i.OSTaskCreateHook  os_cpu_c.o
    0x08002358   0x00000008   Code   RO          311    i.OSTaskIdleHook    os_cpu_c.o
    0x08002360   0x00000084   Code   RO          641    i.OSTaskNameSet     os_task.o
    0x080023e4   0x00000008   Code   RO          313    i.OSTaskStatHook    os_cpu_c.o
    0x080023ec   0x000000a0   Code   RO          646    i.OSTaskStkChk      os_task.o
    0x0800248c   0x000001a8   Code   RO          314    i.OSTaskStkInit     os_cpu_c.o
    0x08002634   0x000000bc   Code   RO          647    i.OSTaskSuspend     os_task.o
    0x080026f0   0x00000008   Code   RO          315    i.OSTaskSwHook      os_cpu_c.o
    0x080026f8   0x00000078   Code   RO          731    i.OSTimeDly         os_time.o
    0x08002770   0x000000ec   Code   RO          449    i.OSTimeTick        os_core.o
    0x0800285c   0x00000008   Code   RO          316    i.OSTimeTickHook    os_cpu_c.o
    0x08002864   0x00000002   Code   RO          452    i.OS_InitEventList  os_core.o
    0x08002866   0x00000002   PAD
    0x08002868   0x00000054   Code   RO          453    i.OS_InitMisc       os_core.o
    0x080028bc   0x00000044   Code   RO          454    i.OS_InitRdyList    os_core.o
    0x08002900   0x00000070   Code   RO          455    i.OS_InitTCBList    os_core.o
    0x08002970   0x00000050   Code   RO          456    i.OS_InitTaskIdle   os_core.o
    0x080029c0   0x00000050   Code   RO          457    i.OS_InitTaskStat   os_core.o
    0x08002a10   0x00000012   Code   RO          458    i.OS_MemClr         os_core.o
    0x08002a22   0x00000002   PAD
    0x08002a24   0x00000074   Code   RO          460    i.OS_Sched          os_core.o
    0x08002a98   0x0000002c   Code   RO          461    i.OS_SchedNew       os_core.o
    0x08002ac4   0x00000128   Code   RO          463    i.OS_TCBInit        os_core.o
    0x08002bec   0x00000028   Code   RO          464    i.OS_TaskIdle       os_core.o
    0x08002c14   0x00000088   Code   RO          465    i.OS_TaskStat       os_core.o
    0x08002c9c   0x0000003c   Code   RO          466    i.OS_TaskStatStkChk  os_core.o
    0x08002cd8   0x0000001a   Code   RO          649    i.OS_TaskStkClr     os_task.o
    0x08002cf2   0x00000002   PAD
    0x08002cf4   0x000000dc   Code   RO         1128    i.PID_Cal           pidcontral.o
    0x08002dd0   0x00000080   Code   RO         1129    i.PID_Ini           pidcontral.o
    0x08002e50   0x00000058   Code   RO           99    i.PWM_OUTPUT_TASK   main.o
    0x08002ea8   0x00000020   Code   RO         1923    i.RCC_AHB1PeriphClockCmd  stm32f4xx_rcc.o
    0x08002ec8   0x00000020   Code   RO         1932    i.RCC_APB1PeriphClockCmd  stm32f4xx_rcc.o
    0x08002ee8   0x00000020   Code   RO         1934    i.RCC_APB1PeriphResetCmd  stm32f4xx_rcc.o
    0x08002f08   0x00000020   Code   RO         1935    i.RCC_APB2PeriphClockCmd  stm32f4xx_rcc.o
    0x08002f28   0x00000020   Code   RO         1937    i.RCC_APB2PeriphResetCmd  stm32f4xx_rcc.o
    0x08002f48   0x0000000c   Code   RO         1941    i.RCC_ClearITPendingBit  stm32f4xx_rcc.o
    0x08002f54   0x00000018   Code   RO         1946    i.RCC_GetITStatus   stm32f4xx_rcc.o
    0x08002f6c   0x00000010   Code   RO         1949    i.RCC_HSEConfig     stm32f4xx_rcc.o
    0x08002f7c   0x00000020   Code   RO         1952    i.RCC_ITConfig      stm32f4xx_rcc.o
    0x08002f9c   0x00000070   Code   RO         1242    i.SER_Initialize    serial.o
    0x0800300c   0x0000001c   Code   RO         1243    i.SER_PutChar       serial.o
    0x08003028   0x00000002   Code   RO          237    i.SVC_Handler       stm32f4xx_it.o
    0x0800302a   0x00000002   PAD
    0x0800302c   0x00000044   Code   RO          100    i.Start_Task        main.o
    0x08003070   0x00000028   Code   RO         1365    i.SysTick_CLKSourceConfig  misc.o
    0x08003098   0x00000010   Code   RO          794    i.SysTick_Handler   delay.o
    0x080030a8   0x000000dc   Code   RO          101    i.SystemClcok       main.o
    0x08003184   0x000000c0   Code   RO           12    i.SystemCoreClockUpdate  system_stm32f4xx.o
    0x08003244   0x000000ec   Code   RO           13    i.SystemInit        system_stm32f4xx.o
    0x08003330   0x0000003a   Code   RO         2245    i.TI1_Config        stm32f4xx_tim.o
    0x0800336a   0x00000050   Code   RO         2246    i.TI2_Config        stm32f4xx_tim.o
    0x080033ba   0x00000048   Code   RO         2247    i.TI3_Config        stm32f4xx_tim.o
    0x08003402   0x00000050   Code   RO         2248    i.TI4_Config        stm32f4xx_tim.o
    0x08003452   0x00000002   PAD
    0x08003454   0x00000034   Code   RO         1130    i.TIM1_PWMOUTPUT    pidcontral.o
    0x08003488   0x00000032   Code   RO         1316    i.TIM2_Ini          tim.o
    0x080034ba   0x00000002   PAD
    0x080034bc   0x00000240   Code   RO          238    i.TIM3_IRQHandler   stm32f4xx_it.o
    0x080036fc   0x00000038   Code   RO         1317    i.TIM5_Ini          tim.o
    0x08003734   0x00000018   Code   RO         2249    i.TIM_ARRPreloadConfig  stm32f4xx_tim.o
    0x0800374c   0x00000006   Code   RO         2256    i.TIM_ClearITPendingBit  stm32f4xx_tim.o
    0x08003752   0x00000018   Code   RO         2261    i.TIM_Cmd           stm32f4xx_tim.o
    0x0800376a   0x0000001e   Code   RO         2263    i.TIM_CtrlPWMOutputs  stm32f4xx_tim.o
    0x08003788   0x00000190   Code   RO         2266    i.TIM_DeInit        stm32f4xx_tim.o
    0x08003918   0x00000006   Code   RO         2276    i.TIM_GetCapture1   stm32f4xx_tim.o
    0x0800391e   0x00000006   Code   RO         2277    i.TIM_GetCapture2   stm32f4xx_tim.o
    0x08003924   0x00000006   Code   RO         2278    i.TIM_GetCapture3   stm32f4xx_tim.o
    0x0800392a   0x00000006   Code   RO         2279    i.TIM_GetCapture4   stm32f4xx_tim.o
    0x08003930   0x00000022   Code   RO         2282    i.TIM_GetITStatus   stm32f4xx_tim.o
    0x08003952   0x0000006e   Code   RO         2284    i.TIM_ICInit        stm32f4xx_tim.o
    0x080039c0   0x00000012   Code   RO         2286    i.TIM_ITConfig      stm32f4xx_tim.o
    0x080039d2   0x00000002   PAD
    0x080039d4   0x0000007c   Code   RO         2290    i.TIM_OC1Init       stm32f4xx_tim.o
    0x08003a50   0x00000012   Code   RO         2292    i.TIM_OC1PolarityConfig  stm32f4xx_tim.o
    0x08003a62   0x00000012   Code   RO         2293    i.TIM_OC1PreloadConfig  stm32f4xx_tim.o
    0x08003a74   0x000000a4   Code   RO         2295    i.TIM_OC2Init       stm32f4xx_tim.o
    0x08003b18   0x0000001a   Code   RO         2297    i.TIM_OC2PolarityConfig  stm32f4xx_tim.o
    0x08003b32   0x0000001a   Code   RO         2298    i.TIM_OC2PreloadConfig  stm32f4xx_tim.o
    0x08003b4c   0x000000a0   Code   RO         2300    i.TIM_OC3Init       stm32f4xx_tim.o
    0x08003bec   0x0000001a   Code   RO         2302    i.TIM_OC3PolarityConfig  stm32f4xx_tim.o
    0x08003c06   0x00000012   Code   RO         2303    i.TIM_OC3PreloadConfig  stm32f4xx_tim.o
    0x08003c18   0x00000078   Code   RO         2305    i.TIM_OC4Init       stm32f4xx_tim.o
    0x08003c90   0x0000001a   Code   RO         2306    i.TIM_OC4PolarityConfig  stm32f4xx_tim.o
    0x08003caa   0x0000001a   Code   RO         2307    i.TIM_OC4PreloadConfig  stm32f4xx_tim.o
    0x08003cc4   0x00000004   Code   RO         2323    i.TIM_SetCompare1   stm32f4xx_tim.o
    0x08003cc8   0x00000004   Code   RO         2324    i.TIM_SetCompare2   stm32f4xx_tim.o
    0x08003ccc   0x00000004   Code   RO         2325    i.TIM_SetCompare3   stm32f4xx_tim.o
    0x08003cd0   0x00000004   Code   RO         2326    i.TIM_SetCompare4   stm32f4xx_tim.o
    0x08003cd4   0x00000012   Code   RO         2328    i.TIM_SetIC1Prescaler  stm32f4xx_tim.o
    0x08003ce6   0x0000001a   Code   RO         2329    i.TIM_SetIC2Prescaler  stm32f4xx_tim.o
    0x08003d00   0x00000012   Code   RO         2330    i.TIM_SetIC3Prescaler  stm32f4xx_tim.o
    0x08003d12   0x0000001a   Code   RO         2331    i.TIM_SetIC4Prescaler  stm32f4xx_tim.o
    0x08003d2c   0x00000084   Code   RO         2333    i.TIM_TimeBaseInit  stm32f4xx_tim.o
    0x08003db0   0x00000108   Code   RO         1319    i.Tim_Init          tim.o
    0x08003eb8   0x0000001a   Code   RO         2810    i.USART_GetFlagStatus  stm32f4xx_usart.o
    0x08003ed2   0x00000008   Code   RO         2824    i.USART_SendData    stm32f4xx_usart.o
    0x08003eda   0x00000004   Code   RO          239    i.UsageFault_Handler  stm32f4xx_it.o
    0x08003ede   0x00000002   PAD
    0x08003ee0   0x00000060   Code   RO          871    i.Wait_ACK_Come     iic.o
    0x08003f40   0x00000020   Code   RO         3284    i.__0printf         mc_w.l(printfa.o)
    0x08003f60   0x00000030   Code   RO         3353    i.__ARM_fpclassify  m_wm.l(fpclassify.o)
    0x08003f90   0x00000370   Code   RO         2986    i.__hardfp_asin     m_wm.l(asin.o)
    0x08004300   0x000002e0   Code   RO         3328    i.__hardfp_atan     m_wm.l(atan.o)
    0x080045e0   0x000001f0   Code   RO         3000    i.__hardfp_atan2    m_wm.l(atan2.o)
    0x080047d0   0x000000d8   Code   RO         3012    i.__hardfp_cos      m_wm.l(cos.o)
    0x080048a8   0x000000d8   Code   RO         3024    i.__hardfp_sin      m_wm.l(sin.o)
    0x08004980   0x0000003a   Code   RO         3036    i.__hardfp_sqrtf    m_wm.l(sqrtf.o)
    0x080049ba   0x00000006   PAD
    0x080049c0   0x00000438   Code   RO         3358    i.__ieee754_rem_pio2  m_wm.l(rred.o)
    0x08004df8   0x00000170   Code   RO         3342    i.__kernel_cos      m_wm.l(cos_i.o)
    0x08004f68   0x000000f8   Code   RO         3355    i.__kernel_poly     m_wm.l(poly.o)
    0x08005060   0x00000130   Code   RO         3363    i.__kernel_sin      m_wm.l(sin_i.o)
    0x08005190   0x00000020   Code   RO         3345    i.__mathlib_dbl_underflow  m_wm.l(dunder.o)
    0x080051b0   0x0000000e   Code   RO         3431    i.__scatterload_copy  mc_w.l(handlers.o)
    0x080051be   0x00000002   Code   RO         3432    i.__scatterload_null  mc_w.l(handlers.o)
    0x080051c0   0x0000000e   Code   RO         3433    i.__scatterload_zeroinit  mc_w.l(handlers.o)
    0x080051ce   0x00000002   PAD
    0x080051d0   0x0000000c   Code   RO         3407    i.__set_errno       mc_w.l(errno.o)
    0x080051dc   0x00000164   Code   RO         3291    i._fp_digits        mc_w.l(printfa.o)
    0x08005340   0x000006dc   Code   RO         3292    i._printf_core      mc_w.l(printfa.o)
    0x08005a1c   0x00000024   Code   RO         3293    i._printf_post_padding  mc_w.l(printfa.o)
    0x08005a40   0x0000002e   Code   RO         3294    i._printf_pre_padding  mc_w.l(printfa.o)
    0x08005a6e   0x00000010   Code   RO         3330    i.atan              m_wm.l(atan.o)
    0x08005a7e   0x00000002   PAD
    0x08005a80   0x00000574   Code   RO          928    i.compass_calibration  imu.o
    0x08005ff4   0x00000054   Code   RO          795    i.delay_init        delay.o
    0x08006048   0x00000050   Code   RO          796    i.delay_ms          delay.o
    0x08006098   0x0000005c   Code   RO          797    i.delay_us          delay.o
    0x080060f4   0x00000018   Code   RO         3349    i.fabs              m_wm.l(fabs.o)
    0x0800610c   0x0000000e   Code   RO         1198    i.fputc             retarget.o
    0x0800611a   0x00000002   PAD
    0x0800611c   0x00000170   Code   RO          930    i.get_compass_bias  imu.o
    0x0800628c   0x000001a8   Code   RO          931    i.get_gy86_data     imu.o
    0x08006434   0x000000fc   Code   RO          932    i.get_gyro_bias     imu.o
    0x08006530   0x00000b54   Code   RO          933    i.init_quaternion   imu.o
    0x08007084   0x0000003c   Code   RO          934    i.invSqrt           imu.o
    0x080070c0   0x000000ac   Code   RO          102    i.main              main.o
    0x0800716c   0x0000006e   Code   RO         3371    i.sqrt              m_wm.l(sqrt.o)
    0x080071da   0x00000076   Code   RO          104    i.usart1_niming_report  main.o
    0x08007250   0x000000c0   Code   RO          105    i.usart1_report_imu  main.o
    0x08007310   0x00000020   Code   RO          106    i.usart1_send_char  main.o
    0x08007330   0x00000100   Data   RO          468    .constdata          os_core.o
    0x08007430   0x00000050   Data   RO         2989    .constdata          m_wm.l(asin.o)
    0x08007480   0x00000098   Data   RO         3331    .constdata          m_wm.l(atan.o)
    0x08007518   0x00000030   Data   RO         3343    .constdata          m_wm.l(cos_i.o)
    0x08007548   0x00000008   Data   RO         3357    .constdata          m_wm.l(qnan.o)
    0x08007550   0x000000c8   Data   RO         3360    .constdata          m_wm.l(rred.o)
    0x08007618   0x00000028   Data   RO         3364    .constdata          m_wm.l(sin_i.o)
    0x08007640   0x00000102   Data   RO          936    .conststring        imu.o
    0x08007742   0x00000002   PAD
    0x08007744   0x00000020   Data   RO         3429    Region$$Table       anon$$obj.o


    Execution Region RW_IRAM1 (Base: 0x20000000, Size: 0x00002590, Max: 0x00018000, ABSOLUTE, COMPRESSED[0x00000014])

    Base Addr    Size         Type   Attr      Idx    E Section Name        Object

    0x20000000   0x00000014   Data   RW           14    .data               system_stm32f4xx.o
    0x20000014   0x0000001e   Data   RW          240    .data               stm32f4xx_it.o
    0x20000032   0x00000002   PAD
    0x20000034   0x00000038   Data   RW          469    .data               os_core.o
    0x2000006c   0x00000004   Data   RW          798    .data               delay.o
    0x20000070   0x000000a0   Data   RW          937    .data               imu.o
    0x20000110   0x00000028   Data   RW         1132    .data               pidcontral.o
    0x20000138   0x00000008   Data   RW         1199    .data               retarget.o
    0x20000140   0x00000008   Data   RW         1320    .data               tim.o
    0x20000148   0x00000004   Data   RW         3408    .data               mc_w.l(errno.o)
    0x2000014c   0x00001800   Zero   RW          107    .bss                main.o
    0x2000194c   0x00000770   Zero   RW          467    .bss                os_core.o
    0x200020bc   0x000000d0   Zero   RW         1131    .bss                pidcontral.o
    0x2000218c   0x00000004   PAD
    0x20002190   0x00000400   Zero   RW            1    STACK               startup_stm32f4xx.o


==============================================================================

Image component sizes


      Code (inc. data)   RO Data    RW Data    ZI Data      Debug   Object Name

       272         26          0          4          0       2405   delay.o
       696        110          0          0          0       4294   iic.o
      7732        594        258        160          0       9535   imu.o
      1074        114          0          0       6144      13384   main.o
       180         24          0          0          0       2297   misc.o
       910          0          0          0          0       7901   mpu6050.o
      1820        370        256         56       1904      17808   os_core.o
       192         32          0          0          0        312   os_cpu_a.o
       496          0          0          0          0      14689   os_cpu_c.o
       866         64          0          0          0       5500   os_task.o
       120         20          0          0          0        644   os_time.o
      1140        142          0         40        208       5548   pidcontral.o
       380         10          0          0          0        825   ppm.o
        14          0          0          8          0       2314   retarget.o
       140         16          0          0          0        995   serial.o
        36          8        392          0       1024        928   startup_stm32f4xx.o
       214          0          0          0          0       1931   stm32f4xx_gpio.o
       628         72          0         30          0       5102   stm32f4xx_it.o
       244         50          0          0          0       5566   stm32f4xx_rcc.o
      1948        120          0          0          0      25316   stm32f4xx_tim.o
        34          0          0          0          0       2011   stm32f4xx_usart.o
       428         40          0         20          0     247785   system_stm32f4xx.o
       498         46          0          8          0       2778   tim.o

    ----------------------------------------------------------------------
     20086       1858        940        328       9284     379868   Object Totals
         0          0         32          0          0          0   (incl. Generated)
        24          0          2          2          4          0   (incl. Padding)

    ----------------------------------------------------------------------

      Code (inc. data)   RO Data    RW Data    ZI Data      Debug   Library Member Name

       880        110         80          0          0        200   asin.o
       752        104        152          0          0        344   atan.o
       496         70          0          0          0        156   atan2.o
       216         16          0          0          0        152   cos.o
       368         46         48          0          0        200   cos_i.o
        32          8          0          0          0        124   dunder.o
        24          0          0          0          0        124   fabs.o
        48          0          0          0          0        124   fpclassify.o
       248          0          0          0          0        152   poly.o
         0          0          8          0          0          0   qnan.o
      1080        142        200          0          0        188   rred.o
       216         16          0          0          0        152   sin.o
       304         24         40          0          0        208   sin_i.o
       110          0          0          0          0        148   sqrt.o
        58          0          0          0          0        136   sqrtf.o
        58          0          0          0          0          0   __dczerorl.o
         0          0          0          0          0          0   entry.o
         0          0          0          0          0          0   entry10a.o
         0          0          0          0          0          0   entry11a.o
         8          4          0          0          0          0   entry2.o
         4          0          0          0          0          0   entry5.o
         0          0          0          0          0          0   entry7b.o
         0          0          0          0          0          0   entry8b.o
         8          4          0          0          0          0   entry9a.o
        12          6          0          4          0         68   errno.o
        30          0          0          0          0          0   handlers.o
        36          8          0          0          0         68   init.o
         0          0          0          0          0          0   iusefp.o
        30          0          0          0          0         68   llshl.o
        36          0          0          0          0         68   llsshr.o
        32          0          0          0          0         68   llushr.o
      2226         90          0          0          0        444   printfa.o
        44          0          0          0          0         80   uidiv.o
        98          0          0          0          0         92   uldiv.o
        40          2          0          0          0         68   cdrcmple.o
        56          0          0          0          0         88   d2f.o
       334          0          0          0          0        148   dadd.o
       222          0          0          0          0        100   ddiv.o
       182          0          0          0          0        176   depilogue.o
        62          0          0          0          0         80   dfixi.o
        48          0          0          0          0         68   dfixul.o
        34          0          0          0          0         76   dflti.o
        26          0          0          0          0         76   dfltui.o
       228          0          0          0          0         96   dmul.o
       162          0          0          0          0        100   dsqrt.o
        38          0          0          0          0         68   f2d.o
       110          0          0          0          0        168   fepilogue.o

    ----------------------------------------------------------------------
      9010        650        528          4          0       4676   Library Totals
        14          0          0          0          0          0   (incl. Padding)

    ----------------------------------------------------------------------

      Code (inc. data)   RO Data    RW Data    ZI Data      Debug   Library Name

      4832        536        528          0          0       2408   m_wm.l
      2622        112          0          4          0        956   mc_w.l
      1542          2          0          0          0       1312   mf_w.l

    ----------------------------------------------------------------------
      9010        650        528          4          0       4676   Library Totals

    ----------------------------------------------------------------------

==============================================================================


      Code (inc. data)   RO Data    RW Data    ZI Data      Debug   

     29096       2508       1468        332       9284     367084   Grand Totals
     29096       2508       1468         20       9284     367084   ELF Image Totals (compressed)
     29096       2508       1468         20          0          0   ROM Totals

==============================================================================

    Total RO  Size (Code + RO Data)                30564 (  29.85kB)
    Total RW  Size (RW Data + ZI Data)              9616 (   9.39kB)
    Total ROM Size (Code + RO Data + RW Data)      30584 (  29.87kB)

==============================================================================

