<html>
<body>
<pre>
<h1>µVision Build Log</h1>
<h2>Project:</h2>
C:\Users\wangzhaokai\Desktop\USOSii\project\ucos.uvproj
Project File Date:  10/26/2015

<h2>Output:</h2>
Rebuild target 'UCOS2'
assembling startup_stm32f4xx.s...
compiling system_stm32f4xx.c...
..\librarys\CMSIS\Device\ST\STM32F4xx\Source\system_stm32f4xx.c(385): warning:  #177-D: function "SetSysClock" was declared but never referenced
  static void SetSysClock(void)
..\librarys\CMSIS\Device\ST\STM32F4xx\Source\system_stm32f4xx.c: 1 warning, 0 errors
compiling main.c...
..\system\PIDcontral.h(50): warning:  #1-D: last line of file ends without a newline
        
..\system\IMU.h(31): warning:  #1-D: last line of file ends without a newline
                                
..\applications\src\main.c(171): warning:  #550-D: variable "A" was set but never used
                INT8U A;
..\applications\src\main.c: 3 warnings, 0 errors
compiling stm32f4xx_it.c...
assembling os_cpu_a.asm...
compiling os_cpu_c.c...
compiling os_dbg_r.c...
compiling os_core.c...
compiling os_flag.c...
compiling os_mbox.c...
compiling os_mem.c...
compiling os_mutex.c...
compiling os_q.c...
compiling os_sem.c...
compiling os_task.c...
compiling os_time.c...
compiling os_tmr.c...
compiling com.c...
..\system\PIDcontral.h(50): warning:  #1-D: last line of file ends without a newline
        
..\system\com.c: 1 warning, 0 errors
compiling delay.c...
..\system\PIDcontral.h(50): warning:  #1-D: last line of file ends without a newline
        
..\system\IMU.h(31): warning:  #1-D: last line of file ends without a newline
                                
..\system\delay.c: 2 warnings, 0 errors
compiling flash.c...
compiling IIC.c...
compiling IMU.c...
..\system\IMU.h(31): warning:  #1-D: last line of file ends without a newline
                                
..\system\IMU.c: 1 warning, 0 errors
compiling mpu6050.c...
compiling PIDcontral.c...
..\system\PIDcontral.h(50): warning:  #1-D: last line of file ends without a newline
        
..\system\PIDcontral.c: 1 warning, 0 errors
compiling ppm.c...
compiling Retarget.c...
compiling Serial.c...
compiling sys.c...
compiling temp.c...
compiling tim.c...
compiling misc.c...
compiling stm32f4xx_adc.c...
compiling stm32f4xx_flash.c...
compiling stm32f4xx_gpio.c...
compiling stm32f4xx_rcc.c...
compiling stm32f4xx_syscfg.c...
compiling stm32f4xx_tim.c...
compiling stm32f4xx_usart.c...
linking...
Program Size: Code=29096 RO-data=1468 RW-data=332 ZI-data=9284  
FromELF: creating hex file...
".\obj\ucos.axf" - 0 Error(s), 9 Warning(s).
Load "C:\\Users\\wangzhaokai\\Desktop\\USOSii\\project\\obj\\ucos.axf" 
Erase Done.
Programming Done.
Verify OK.
Application running ...
</pre>
</body>
</html>
ymbols.
Finished: 1 information, 0 warning and 1 error messages.
".\obj\ucos.axf" - 1 Error(s), 10 Warning(s).
Target not created
 created
